Component: ARM Compiler 6.16 Tool: armlink [5dfeaa00]

==============================================================================

Section Cross References

    clock.o(.ARM.exidx.text.clockConfig) refers to clock.o(.text.clockConfig) for [Anonymous Symbol]
    gpio.o(.ARM.exidx.text.GPIOConfig) refers to gpio.o(.text.GPIOConfig) for [Anonymous Symbol]
    main.o(.text) refers (Special) to _printf_f.o(.ARM.Collect$$_printf_percent$$00000003) for _printf_f
    main.o(.text) refers (Special) to printf1.o(x$fpl$printf1) for _printf_fp_dec
    main.o(.text) refers (Special) to _printf_percent.o(.ARM.Collect$$_printf_percent$$00000000) for _printf_percent
    main.o(.text.main) refers (Special) to _printf_f.o(.ARM.Collect$$_printf_percent$$00000003) for _printf_f
    main.o(.text.main) refers (Special) to printf1.o(x$fpl$printf1) for _printf_fp_dec
    main.o(.text.main) refers (Special) to _printf_percent.o(.ARM.Collect$$_printf_percent$$00000000) for _printf_percent
    main.o(.text.main) refers to clock.o(.text.clockConfig) for clockConfig
    main.o(.text.main) refers to gpio.o(.text.GPIOConfig) for GPIOConfig
    main.o(.text.main) refers to spi.o(.text.SPIConfig) for SPIConfig
    main.o(.text.main) refers to usart.o(.text.usartConfig) for usartConfig
    main.o(.text.main) refers to spi.o(.text.CS_Disable) for CS_Disable
    main.o(.text.main) refers to timer.o(.text.timerConfig) for timerConfig
    main.o(.text.main) refers to spi.o(.text.SPI_Enable) for SPI_Enable
    main.o(.text.main) refers to spi.o(.text.readChipId) for readChipId
    main.o(.text.main) refers to spi.o(.text.configureBME) for configureBME
    main.o(.text.main) refers to spi.o(.text.readTrim) for readTrim
    main.o(.text.main) refers to main.o(.bss.pressure) for pressure
    main.o(.text.main) refers to spi.o(.text.readRawTemp) for readRawTemp
    main.o(.text.main) refers to main.o(.bss.rawTemp) for rawTemp
    main.o(.text.main) refers to spi.o(.text.BME280_compensate_T_int32) for BME280_compensate_T_int32
    main.o(.text.main) refers to dflt_clz.o(x$fpl$dflt) for __aeabi_i2d
    main.o(.text.main) refers to ddiv.o(x$fpl$ddiv) for __aeabi_ddiv
    main.o(.text.main) refers to d2f.o(x$fpl$d2f) for __aeabi_d2f
    main.o(.text.main) refers to main.o(.bss.temparature) for temparature
    main.o(.text.main) refers to f2d.o(x$fpl$f2d) for __aeabi_f2d
    main.o(.text.main) refers to noretval__2sprintf.o(.text) for __2sprintf
    main.o(.text.main) refers to usart.o(.text.sendString) for sendString
    main.o(.text.main) refers to spi.o(.text.readRawPress) for readRawPress
    main.o(.text.main) refers to main.o(.bss.rawPress) for rawPress
    main.o(.text.main) refers to spi.o(.text.BME280_compensate_P_int32) for BME280_compensate_P_int32
    main.o(.text.main) refers to dflt_clz.o(x$fpl$dfltu) for __aeabi_ui2d
    main.o(.text.main) refers to dmul.o(x$fpl$dmul) for __aeabi_dmul
    main.o(.text.main) refers to timer.o(.text.Delay_s) for Delay_s
    main.o(.ARM.exidx.text.main) refers (Special) to _printf_f.o(.ARM.Collect$$_printf_percent$$00000003) for _printf_f
    main.o(.ARM.exidx.text.main) refers (Special) to printf1.o(x$fpl$printf1) for _printf_fp_dec
    main.o(.ARM.exidx.text.main) refers (Special) to _printf_percent.o(.ARM.Collect$$_printf_percent$$00000000) for _printf_percent
    main.o(.ARM.exidx.text.main) refers to main.o(.text.main) for [Anonymous Symbol]
    main.o(.bss.rawTemp) refers (Special) to _printf_f.o(.ARM.Collect$$_printf_percent$$00000003) for _printf_f
    main.o(.bss.rawTemp) refers (Special) to printf1.o(x$fpl$printf1) for _printf_fp_dec
    main.o(.bss.rawTemp) refers (Special) to _printf_percent.o(.ARM.Collect$$_printf_percent$$00000000) for _printf_percent
    main.o(.bss.temparature) refers (Special) to _printf_f.o(.ARM.Collect$$_printf_percent$$00000003) for _printf_f
    main.o(.bss.temparature) refers (Special) to printf1.o(x$fpl$printf1) for _printf_fp_dec
    main.o(.bss.temparature) refers (Special) to _printf_percent.o(.ARM.Collect$$_printf_percent$$00000000) for _printf_percent
    main.o(.bss.rawPress) refers (Special) to _printf_f.o(.ARM.Collect$$_printf_percent$$00000003) for _printf_f
    main.o(.bss.rawPress) refers (Special) to printf1.o(x$fpl$printf1) for _printf_fp_dec
    main.o(.bss.rawPress) refers (Special) to _printf_percent.o(.ARM.Collect$$_printf_percent$$00000000) for _printf_percent
    main.o(.bss.pressure) refers (Special) to _printf_f.o(.ARM.Collect$$_printf_percent$$00000003) for _printf_f
    main.o(.bss.pressure) refers (Special) to printf1.o(x$fpl$printf1) for _printf_fp_dec
    main.o(.bss.pressure) refers (Special) to _printf_percent.o(.ARM.Collect$$_printf_percent$$00000000) for _printf_percent
    main.o(.bss.RxData) refers (Special) to _printf_f.o(.ARM.Collect$$_printf_percent$$00000003) for _printf_f
    main.o(.bss.RxData) refers (Special) to printf1.o(x$fpl$printf1) for _printf_fp_dec
[...]
    libinit.o(.ARM.Collect$$libinit$$00000000) refers (Special) to libinit2.o(.ARM.Collect$$libinit$$0000001D) for __rt_lib_init_signal_1
    libinit.o(.ARM.Collect$$libinit$$00000000) refers (Special) to libinit2.o(.ARM.Collect$$libinit$$00000025) for __rt_lib_init_stdio_1
    libinit.o(.ARM.Collect$$libinit$$00000000) refers (Special) to libinit2.o(.ARM.Collect$$libinit$$0000000C) for __rt_lib_init_user_alloc_1
    libinit2.o(.ARM.Collect$$libinit$$00000001) refers to fpinit.o(x$fpl$fpinit) for _fp_init
    libinit2.o(.ARM.Collect$$libinit$$0000000F) refers (Weak) to rt_locale_intlibspace.o(.text) for __rt_locale
    libinit2.o(.ARM.Collect$$libinit$$00000010) refers to libinit2.o(.ARM.Collect$$libinit$$0000000F) for .ARM.Collect$$libinit$$0000000F
    libinit2.o(.ARM.Collect$$libinit$$00000012) refers to libinit2.o(.ARM.Collect$$libinit$$0000000F) for .ARM.Collect$$libinit$$0000000F
    libinit2.o(.ARM.Collect$$libinit$$00000014) refers to libinit2.o(.ARM.Collect$$libinit$$0000000F) for .ARM.Collect$$libinit$$0000000F
    libinit2.o(.ARM.Collect$$libinit$$00000016) refers to libinit2.o(.ARM.Collect$$libinit$$0000000F) for .ARM.Collect$$libinit$$0000000F
    libinit2.o(.ARM.Collect$$libinit$$00000016) refers (Weak) to lc_numeric_c.o(locale$$code) for _get_lc_numeric
    libinit2.o(.ARM.Collect$$libinit$$00000018) refers to libinit2.o(.ARM.Collect$$libinit$$0000000F) for .ARM.Collect$$libinit$$0000000F
    libinit2.o(.ARM.Collect$$libinit$$00000026) refers to argv_veneer.o(.emb_text) for __ARM_argv_veneer
    libinit2.o(.ARM.Collect$$libinit$$00000027) refers to argv_veneer.o(.emb_text) for __ARM_argv_veneer
    rtexit.o(.ARM.Collect$$rtexit$$00000000) refers (Special) to rtexit2.o(.ARM.Collect$$rtexit$$00000004) for __rt_exit_exit
    rtexit.o(.ARM.Collect$$rtexit$$00000000) refers (Special) to rtexit2.o(.ARM.Collect$$rtexit$$00000003) for __rt_exit_ls
    rtexit.o(.ARM.Collect$$rtexit$$00000000) refers (Special) to rtexit2.o(.ARM.Collect$$rtexit$$00000002) for __rt_exit_prels_1
    rtexit.o(.ARM.exidx) refers (Special) to rtexit2.o(.ARM.Collect$$rtexit$$00000004) for __rt_exit_exit
    rtexit.o(.ARM.exidx) refers (Special) to rtexit2.o(.ARM.Collect$$rtexit$$00000003) for __rt_exit_ls
    rtexit.o(.ARM.exidx) refers (Special) to rtexit2.o(.ARM.Collect$$rtexit$$00000002) for __rt_exit_prels_1
    rtexit.o(.ARM.exidx) refers to rtexit.o(.ARM.Collect$$rtexit$$00000000) for .ARM.Collect$$rtexit$$00000000
    rt_raise.o(.text) refers to __raise.o(.text) for __raise
    rt_raise.o(.text) refers to sys_exit.o(.text) for _sys_exit
    defsig_exit.o(.text) refers to sys_exit.o(.text) for _sys_exit
    defsig_fpe_inner.o(.text) refers to defsig_general.o(.text) for __default_signal_display
    argv_veneer.o(.emb_text) refers to no_argv.o(.text) for __ARM_get_argv
    sys_exit.o(.text) refers (Special) to use_no_semi.o(.text) for __I$use$semihosting
    sys_exit.o(.text) refers (Special) to indicate_semi.o(.text) for __semihosting_library_function
    sys_exit_hlt.o(.text) refers (Special) to use_no_semi.o(.text) for __I$use$semihosting
    sys_exit_hlt.o(.text) refers (Special) to indicate_semi.o(.text) for __semihosting_library_function
    rtexit2.o(.ARM.Collect$$rtexit$$00000003) refers to libshutdown.o(.ARM.Collect$$libshutdown$$00000000) for __rt_lib_shutdown
    rtexit2.o(.ARM.Collect$$rtexit$$00000004) refers to sys_exit.o(.text) for _sys_exit
    rtexit2.o(.ARM.exidx) refers to rtexit2.o(.ARM.Collect$$rtexit$$00000001) for .ARM.Collect$$rtexit$$00000001
    rtexit2.o(.ARM.exidx) refers to rtexit2.o(.ARM.Collect$$rtexit$$00000003) for .ARM.Collect$$rtexit$$00000003
    rtexit2.o(.ARM.exidx) refers to rtexit2.o(.ARM.Collect$$rtexit$$00000004) for .ARM.Collect$$rtexit$$00000004
    __raise.o(.text) refers to defsig.o(CL$$defsig) for __default_signal_handler
    defsig_general.o(.text) refers to sys_wrch.o(.text) for _ttywrch
    _get_argv_nomalloc.o(.text) refers (Special) to hrguard.o(.text) for __heap_region$guard
    _get_argv_nomalloc.o(.text) refers to defsig_rtmem_outer.o(.text) for __rt_SIGRTMEM
    _get_argv_nomalloc.o(.text) refers to sys_command.o(.text) for _sys_command_string
    sys_wrch.o(.text) refers (Special) to use_no_semi.o(.text) for __I$use$semihosting
    sys_wrch.o(.text) refers (Special) to indicate_semi.o(.text) for __semihosting_library_function
    sys_command.o(.text) refers (Special) to use_no_semi.o(.text) for __I$use$semihosting
    sys_command.o(.text) refers (Special) to indicate_semi.o(.text) for __semihosting_library_function
    sys_wrch_hlt.o(.text) refers (Special) to use_no_semi.o(.text) for __I$use$semihosting
    sys_wrch_hlt.o(.text) refers (Special) to indicate_semi.o(.text) for __semihosting_library_function
    sys_command_hlt.o(.text) refers (Special) to use_no_semi.o(.text) for __I$use$semihosting
    sys_command_hlt.o(.text) refers (Special) to indicate_semi.o(.text) for __semihosting_library_function
    defsig_rtmem_outer.o(.text) refers to defsig_rtmem_inner.o(.text) for __rt_SIGRTMEM_inner
    defsig_rtmem_outer.o(.text) refers to defsig_exit.o(.text) for __sig_exit
    defsig_rtmem_formal.o(.text) refers to rt_raise.o(.text) for __rt_raise
    defsig.o(CL$$defsig) refers to defsig_fpe_inner.o(.text) for __rt_SIGFPE_inner
    defsig.o(CL$$defsig) refers to defsig_rtmem_inner.o(.text) for __rt_SIGRTMEM_inner
    libshutdown.o(.ARM.Collect$$libshutdown$$00000000) refers (Special) to libshutdown2.o(.ARM.Collect$$libshutdown$$00000002) for __rt_lib_shutdown_cpp_1
    libshutdown.o(.ARM.Collect$$libshutdown$$00000000) refers (Special) to libshutdown2.o(.ARM.Collect$$libshutdown$$00000007) for __rt_lib_shutdown_fp_trap_1
    libshutdown.o(.ARM.Collect$$libshutdown$$00000000) refers (Special) to libshutdown2.o(.ARM.Collect$$libshutdown$$0000000F) for __rt_lib_shutdown_heap_1
    libshutdown.o(.ARM.Collect$$libshutdown$$00000000) refers (Special) to libshutdown2.o(.ARM.Collect$$libshutdown$$00000010) for __rt_lib_shutdown_return
    libshutdown.o(.ARM.Collect$$libshutdown$$00000000) refers (Special) to libshutdown2.o(.ARM.Collect$$libshutdown$$0000000A) for __rt_lib_shutdown_signal_1
    libshutdown.o(.ARM.Collect$$libshutdown$$00000000) refers (Special) to libshutdown2.o(.ARM.Collect$$libshutdown$$00000004) for __rt_lib_shutdown_stdio_1
    libshutdown.o(.ARM.Collect$$libshutdown$$00000000) refers (Special) to libshutdown2.o(.ARM.Collect$$libshutdown$$0000000C) for __rt_lib_shutdown_user_alloc_1
    defsig_abrt_inner.o(.text) refers to defsig_general.o(.text) for __default_signal_display
    defsig_rtred_inner.o(.text) refers to defsig_general.o(.text) for __default_signal_display
    defsig_rtmem_inner.o(.text) refers to defsig_general.o(.text) for __default_signal_display
    defsig_stak_inner.o(.text) refers to defsig_general.o(.text) for __default_signal_display
    defsig_pvfn_inner.o(.text) refers to defsig_general.o(.text) for __default_signal_display
    defsig_cppl_inner.o(.text) refers to defsig_general.o(.text) for __default_signal_display
    defsig_segv_inner.o(.text) refers to defsig_general.o(.text) for __default_signal_display
    defsig_other.o(.text) refers to defsig_general.o(.text) for __default_signal_display


==============================================================================

Removing Unused input sections from the image.

    Removing clock.o(.text), (0 bytes).
    Removing clock.o(.ARM.exidx.text.clockConfig), (8 bytes).
    Removing gpio.o(.text), (0 bytes).
    Removing gpio.o(.ARM.exidx.text.GPIOConfig), (8 bytes).
    Removing main.o(.text), (0 bytes).
    Removing main.o(.ARM.exidx.text.main), (8 bytes).
    Removing main.o(.ARM.use_no_argv), (4 bytes).
    Removing spi.o(.text), (0 bytes).
    Removing spi.o(.ARM.exidx.text.SPIConfig), (8 bytes).
    Removing spi.o(.ARM.exidx.text.SPI_Enable), (8 bytes).
    Removing spi.o(.text.SPI_Disable), (18 bytes).
    Removing spi.o(.ARM.exidx.text.SPI_Disable), (8 bytes).
    Removing spi.o(.ARM.exidx.text.CS_Enable), (8 bytes).
    Removing spi.o(.ARM.exidx.text.CS_Disable), (8 bytes).
    Removing spi.o(.ARM.exidx.text.SPI_Transmit), (8 bytes).
    Removing spi.o(.ARM.exidx.text.SPI_Receive), (8 bytes).
    Removing spi.o(.ARM.exidx.text.write), (8 bytes).
    Removing spi.o(.ARM.exidx.text.read), (8 bytes).
    Removing spi.o(.ARM.exidx.text.configureBME), (8 bytes).
    Removing spi.o(.ARM.exidx.text.readChipId), (8 bytes).
    Removing spi.o(.ARM.exidx.text.readTrim), (8 bytes).
    Removing spi.o(.ARM.exidx.text.readRawTemp), (8 bytes).
    Removing spi.o(.ARM.exidx.text.readRawPress), (8 bytes).
    Removing spi.o(.ARM.exidx.text.BME280_compensate_T_int32), (8 bytes).
    Removing spi.o(.ARM.exidx.text.BME280_compensate_P_int32), (8 bytes).
    Removing timer.o(.text), (0 bytes).
    Removing timer.o(.ARM.exidx.text.timerConfig), (8 bytes).
    Removing timer.o(.ARM.exidx.text.Delay_us), (8 bytes).
    Removing timer.o(.ARM.exidx.text.Delay_ms), (8 bytes).
    Removing timer.o(.ARM.exidx.text.Delay_s), (8 bytes).
    Removing usart.o(.text), (0 bytes).
    Removing usart.o(.ARM.exidx.text.usartConfig), (8 bytes).
    Removing usart.o(.ARM.exidx.text.__NVIC_EnableIRQ), (8 bytes).
    Removing usart.o(.ARM.exidx.text.sendChar), (8 bytes).
    Removing usart.o(.ARM.exidx.text.sendString), (8 bytes).
    Removing system_stm32f4xx.o(.text), (0 bytes).
    Removing system_stm32f4xx.o(.ARM.exidx.text.SystemInit), (8 bytes).
    Removing system_stm32f4xx.o(.text.SystemCoreClockUpdate), (126 bytes).
    Removing system_stm32f4xx.o(.ARM.exidx.text.SystemCoreClockUpdate), (8 bytes).
    Removing system_stm32f4xx.o(.data.SystemCoreClock), (4 bytes).
    Removing system_stm32f4xx.o(.rodata.AHBPrescTable), (16 bytes).
    Removing system_stm32f4xx.o(.rodata.APBPrescTable), (8 bytes).

42 unused section(s) (total 408 bytes) removed from the image.

==============================================================================

Image Symbol Table

    Local Symbols

    Symbol Name                              Value     Ov Type        Size  Object(Section)

    ../clib/angel/boardlib.s                 0x00000000   Number         0  boardinit1.o ABSOLUTE
    ../clib/angel/boardlib.s                 0x00000000   Number         0  boardinit2.o ABSOLUTE
    ../clib/angel/boardlib.s                 0x00000000   Number         0  boardinit3.o ABSOLUTE
    ../clib/angel/boardlib.s                 0x00000000   Number         0  boardshut.o ABSOLUTE
    ../clib/angel/handlers.s                 0x00000000   Number         0  __scatter_zi.o ABSOLUTE
    ../clib/angel/kernel.s                   0x00000000   Number         0  __rtentry.o ABSOLUTE
    ../clib/angel/kernel.s                   0x00000000   Number         0  __rtentry2.o ABSOLUTE
    ../clib/angel/kernel.s                   0x00000000   Number         0  __rtentry4.o ABSOLUTE
    ../clib/angel/kernel.s                   0x00000000   Number         0  rtexit.o ABSOLUTE
    ../clib/angel/kernel.s                   0x00000000   Number         0  rtexit2.o ABSOLUTE
    ../clib/angel/rt.s                       0x00000000   Number         0  aeabi_ldiv0.o ABSOLUTE
    ../clib/angel/rt.s                       0x00000000   Number         0  aeabi_ldiv0_sigfpe.o ABSOLUTE
    ../clib/angel/rt.s                       0x00000000   Number         0  rt_div0.o ABSOLUTE
    ../clib/angel/rt.s                       0x00000000   Number         0  rt_locale.o ABSOLUTE
    ../clib/angel/rt.s                       0x00000000   Number         0  rt_locale_intlibspace.o ABSOLUTE
    ../clib/angel/rt.s                       0x00000000   Number         0  rt_raise.o ABSOLUTE
    ../clib/angel/scatter.s                  0x00000000   Number         0  __scatter.o ABSOLUTE
    ../clib/angel/startup.s                  0x00000000   Number         0  __main.o ABSOLUTE
    ../clib/angel/sys.s                      0x00000000   Number         0  libspace.o ABSOLUTE
    ../clib/angel/sys.s                      0x00000000   Number         0  sys_stackheap_outer.o ABSOLUTE
    ../clib/angel/sys.s                      0x00000000   Number         0  use_no_semi.o ABSOLUTE
    ../clib/angel/sys.s                      0x00000000   Number         0  indicate_semi.o ABSOLUTE
    ../clib/angel/sysapp.c                   0x00000000   Number         0  sys_exit.o ABSOLUTE
    ../clib/angel/sysapp.c                   0x00000000   Number         0  sys_exit_hlt.o ABSOLUTE
    ../clib/angel/sysapp.c                   0x00000000   Number         0  sys_wrch.o ABSOLUTE
    ../clib/angel/sysapp.c                   0x00000000   Number         0  sys_command.o ABSOLUTE
    ../clib/angel/sysapp.c                   0x00000000   Number         0  sys_wrch_hlt.o ABSOLUTE
    ../clib/angel/sysapp.c                   0x00000000   Number         0  sys_command_hlt.o ABSOLUTE
    ../clib/armsys.c                         0x00000000   Number         0  argv_veneer.o ABSOLUTE
    ../clib/armsys.c                         0x00000000   Number         0  argv_veneer.o ABSOLUTE
    ../clib/armsys.c                         0x00000000   Number         0  _get_argv_nomalloc.o ABSOLUTE
    ../clib/armsys.c                         0x00000000   Number         0  no_argv.o ABSOLUTE
    ../clib/bigflt.c                         0x00000000   Number         0  bigflt0.o ABSOLUTE
    ../clib/btod.s                           0x00000000   Number         0  btod.o ABSOLUTE
    ../clib/btod_accurate.c                  0x00000000   Number         0  btod_accurate.o ABSOLUTE
    ../clib/btod_accurate.c                  0x00000000   Number         0  btod_accurate_common.o ABSOLUTE
    ../clib/heapalloc.c                      0x00000000   Number         0  hrguard.o ABSOLUTE
    ../clib/heapaux.c                        0x00000000   Number         0  heapauxi.o ABSOLUTE
    ../clib/libinit.s                        0x00000000   Number         0  libinit.o ABSOLUTE
    ../clib/libinit.s                        0x00000000   Number         0  libinit2.o ABSOLUTE
    ../clib/libinit.s                        0x00000000   Number         0  libshutdown.o ABSOLUTE
    ../clib/libinit.s                        0x00000000   Number         0  libshutdown2.o ABSOLUTE
    ../clib/locale.s                         0x00000000   Number         0  lc_numeric_c.o ABSOLUTE
    ../clib/longlong.s                       0x00000000   Number         0  llsdiv.o ABSOLUTE
    ../clib/longlong.s                       0x00000000   Number         0  lludivv7m.o ABSOLUTE
    ../clib/longlong.s                       0x00000000   Number         0  lludiv10.o ABSOLUTE
    ../clib/longlong.s                       0x00000000   Number         0  llushr.o ABSOLUTE
    ../clib/memcpset.s                       0x00000000   Number         0  strcmpv7em.o ABSOLUTE
    ../clib/printf.c                         0x00000000   Number         0  __2sprintf.o ABSOLUTE
    ../clib/printf.c                         0x00000000   Number         0  noretval__2sprintf.o ABSOLUTE
    ../clib/printf.c                         0x00000000   Number         0  __printf.o ABSOLUTE
    ../clib/printf.c                         0x00000000   Number         0  _printf_hex_ll.o ABSOLUTE
    ../clib/printf.c                         0x00000000   Number         0  _printf_hex_int.o ABSOLUTE
    ../clib/printf.c                         0x00000000   Number         0  _printf_hex_int_ll.o ABSOLUTE
    ../clib/printf.c                         0x00000000   Number         0  _printf_hex_ptr.o ABSOLUTE
    ../clib/printf.c                         0x00000000   Number         0  _printf_hex_int_ptr.o ABSOLUTE
    ../clib/printf.c                         0x00000000   Number         0  _printf_hex_ll_ptr.o ABSOLUTE
    ../clib/printf.c                         0x00000000   Number         0  _printf_hex_int_ll_ptr.o ABSOLUTE
    ../clib/printf.c                         0x00000000   Number         0  __printf_flags.o ABSOLUTE
    ../clib/printf.c                         0x00000000   Number         0  __printf_ss.o ABSOLUTE
    ../clib/printf.c                         0x00000000   Number         0  __printf_flags_ss.o ABSOLUTE
    ../clib/printf.c                         0x00000000   Number         0  __printf_wp.o ABSOLUTE
    ../clib/printf.c                         0x00000000   Number         0  __printf_flags_wp.o ABSOLUTE
    ../clib/printf.c                         0x00000000   Number         0  __printf_ss_wp.o ABSOLUTE
    ../clib/printf.c                         0x00000000   Number         0  __printf_flags_ss_wp.o ABSOLUTE
    ../clib/printf.c                         0x00000000   Number         0  _printf_intcommon.o ABSOLUTE
    ../clib/printf.c                         0x00000000   Number         0  _printf_fp_dec.o ABSOLUTE
    ../clib/printf.c                         0x00000000   Number         0  _printf_fp_dec_accurate.o ABSOLUTE
    ../clib/printf.c                         0x00000000   Number         0  _printf_char_common.o ABSOLUTE
    ../clib/printf.c                         0x00000000   Number         0  _sputc.o ABSOLUTE
    ../clib/printf.c                         0x00000000   Number         0  _printf_fp_infnan.o ABSOLUTE
    ../clib/printf.c                         0x00000000   Number         0  __printf_nopercent.o ABSOLUTE
    ../clib/printf_percent.s                 0x00000000   Number         0  _printf_x.o ABSOLUTE
    ../clib/printf_percent.s                 0x00000000   Number         0  _printf_f.o ABSOLUTE
    ../clib/printf_percent.s                 0x00000000   Number         0  _printf_percent.o ABSOLUTE
    ../clib/printf_percent.s                 0x00000000   Number         0  _printf_percent_end.o ABSOLUTE
    ../clib/signal.c                         0x00000000   Number         0  defsig_fpe_outer.o ABSOLUTE
    ../clib/signal.c                         0x00000000   Number         0  defsig_fpe_formal.o ABSOLUTE
    ../clib/signal.c                         0x00000000   Number         0  defsig_exit.o ABSOLUTE
    ../clib/signal.c                         0x00000000   Number         0  defsig_fpe_inner.o ABSOLUTE
    ../clib/signal.c                         0x00000000   Number         0  __raise.o ABSOLUTE
    ../clib/signal.c                         0x00000000   Number         0  defsig_general.o ABSOLUTE
    ../clib/signal.c                         0x00000000   Number         0  defsig_rtmem_outer.o ABSOLUTE
    ../clib/signal.c                         0x00000000   Number         0  defsig_rtmem_formal.o ABSOLUTE
    ../clib/signal.c                         0x00000000   Number         0  defsig_abrt_inner.o ABSOLUTE
    ../clib/signal.c                         0x00000000   Number         0  defsig_rtred_inner.o ABSOLUTE
    ../clib/signal.c                         0x00000000   Number         0  defsig_rtmem_inner.o ABSOLUTE
    ../clib/signal.c                         0x00000000   Number         0  defsig_stak_inner.o ABSOLUTE
    ../clib/signal.c                         0x00000000   Number         0  defsig_pvfn_inner.o ABSOLUTE
    ../clib/signal.c                         0x00000000   Number         0  defsig_cppl_inner.o ABSOLUTE
    ../clib/signal.c                         0x00000000   Number         0  defsig_segv_inner.o ABSOLUTE
    ../clib/signal.c                         0x00000000   Number         0  defsig_other.o ABSOLUTE
    ../clib/signal.s                         0x00000000   Number         0  defsig.o ABSOLUTE
    ../clib/stdlib.c                         0x00000000   Number         0  exit.o ABSOLUTE
    ../fplib/d2f.s                           0x00000000   Number         0  d2f.o ABSOLUTE
    ../fplib/ddiv.s                          0x00000000   Number         0  ddiv.o ABSOLUTE
    ../fplib/dflt.s                          0x00000000   Number         0  dflt_clz.o ABSOLUTE
    ../fplib/dmul.s                          0x00000000   Number         0  dmul.o ABSOLUTE
    ../fplib/dnaninf.s                       0x00000000   Number         0  dnaninf.o ABSOLUTE
    ../fplib/dretinf.s                       0x00000000   Number         0  dretinf.o ABSOLUTE
    ../fplib/f2d.s                           0x00000000   Number         0  f2d.o ABSOLUTE
    ../fplib/fnaninf.s                       0x00000000   Number         0  fnaninf.o ABSOLUTE
    ../fplib/fpinit.s                        0x00000000   Number         0  fpinit.o ABSOLUTE
    ../fplib/fretinf.s                       0x00000000   Number         0  fretinf.o ABSOLUTE
    ../fplib/istatus.s                       0x00000000   Number         0  istatus.o ABSOLUTE
    ../fplib/printf1.s                       0x00000000   Number         0  printf1.o ABSOLUTE
    ../fplib/usenofp.s                       0x00000000   Number         0  usenofp.o ABSOLUTE
    ../mathlib/fpclassify.c                  0x00000000   Number         0  fpclassify.o ABSOLUTE
    RTE/Device/STM32F446RETx/startup_stm32f446xx.s 0x00000000   Number         0  startup_stm32f446xx.o ABSOLUTE
    clock.c                                  0x00000000   Number         0  clock.o ABSOLUTE
    dc.s                                     0x00000000   Number         0  dc.o ABSOLUTE
    gpio.c                                   0x00000000   Number         0  gpio.o ABSOLUTE
    main.c                                   0x00000000   Number         0  main.o ABSOLUTE
    spi.c                                    0x00000000   Number         0  spi.o ABSOLUTE
    system_stm32f4xx.c                       0x00000000   Number         0  system_stm32f4xx.o ABSOLUTE
    timer.c                                  0x00000000   Number         0  timer.o ABSOLUTE
    usart.c                                  0x00000000   Number         0  usart.o ABSOLUTE
    RESET                                    0x08000000   Section      452  startup_stm32f446xx.o(RESET)
    !!!main                                  0x080001c4   Section        8  __main.o(!!!main)
    !!!scatter                               0x080001cc   Section       52  __scatter.o(!!!scatter)
    !!handler_zi                             0x08000200   Section       28  __scatter_zi.o(!!handler_zi)
    .ARM.Collect$$_printf_percent$$00000000  0x0800021c   Section        0  _printf_percent.o(.ARM.Collect$$_printf_percent$$00000000)
    .ARM.Collect$$_printf_percent$$00000003  0x0800021c   Section        6  _printf_f.o(.ARM.Collect$$_printf_percent$$00000003)
    .ARM.Collect$$_printf_percent$$0000000C  0x08000222   Section        6  _printf_x.o(.ARM.Collect$$_printf_percent$$0000000C)
    .ARM.Collect$$_printf_percent$$00000017  0x08000228   Section        4  _printf_percent_end.o(.ARM.Collect$$_printf_percent$$00000017)
    .ARM.Collect$$libinit$$00000000          0x0800022c   Section        2  libinit.o(.ARM.Collect$$libinit$$00000000)
    .ARM.Collect$$libinit$$00000001          0x0800022e   Section        4  libinit2.o(.ARM.Collect$$libinit$$00000001)
    .ARM.Collect$$libinit$$00000004          0x08000232   Section        0  libinit2.o(.ARM.Collect$$libinit$$00000004)
    .ARM.Collect$$libinit$$0000000A          0x08000232   Section        0  libinit2.o(.ARM.Collect$$libinit$$0000000A)
    .ARM.Collect$$libinit$$0000000C          0x08000232   Section        0  libinit2.o(.ARM.Collect$$libinit$$0000000C)
    .ARM.Collect$$libinit$$0000000E          0x08000232   Section        0  libinit2.o(.ARM.Collect$$libinit$$0000000E)
    .ARM.Collect$$libinit$$0000000F          0x08000232   Section        6  libinit2.o(.ARM.Collect$$libinit$$0000000F)
    .ARM.Collect$$libinit$$00000011          0x08000238   Section        0  libinit2.o(.ARM.Collect$$libinit$$00000011)
    .ARM.Collect$$libinit$$00000013          0x08000238   Section        0  libinit2.o(.ARM.Collect$$libinit$$00000013)
    .ARM.Collect$$libinit$$00000015          0x08000238   Section        0  libinit2.o(.ARM.Collect$$libinit$$00000015)
    .ARM.Collect$$libinit$$00000016          0x08000238   Section       10  libinit2.o(.ARM.Collect$$libinit$$00000016)
    .ARM.Collect$$libinit$$00000017          0x08000242   Section        0  libinit2.o(.ARM.Collect$$libinit$$00000017)
    .ARM.Collect$$libinit$$00000019          0x08000242   Section        0  libinit2.o(.ARM.Collect$$libinit$$00000019)
    .ARM.Collect$$libinit$$0000001B          0x08000242   Section        0  libinit2.o(.ARM.Collect$$libinit$$0000001B)
    .ARM.Collect$$libinit$$0000001D          0x08000242   Section        0  libinit2.o(.ARM.Collect$$libinit$$0000001D)
    .ARM.Collect$$libinit$$0000001F          0x08000242   Section        0  libinit2.o(.ARM.Collect$$libinit$$0000001F)
    .ARM.Collect$$libinit$$00000021          0x08000242   Section        0  libinit2.o(.ARM.Collect$$libinit$$00000021)
    .ARM.Collect$$libinit$$00000023          0x08000242   Section        0  libinit2.o(.ARM.Collect$$libinit$$00000023)
    .ARM.Collect$$libinit$$00000025          0x08000242   Section        0  libinit2.o(.ARM.Collect$$libinit$$00000025)
    .ARM.Collect$$libinit$$0000002C          0x08000242   Section        0  libinit2.o(.ARM.Collect$$libinit$$0000002C)
    .ARM.Collect$$libinit$$0000002E          0x08000242   Section        0  libinit2.o(.ARM.Collect$$libinit$$0000002E)
    .ARM.Collect$$libinit$$00000030          0x08000242   Section        0  libinit2.o(.ARM.Collect$$libinit$$00000030)
    .ARM.Collect$$libinit$$00000032          0x08000242   Section        0  libinit2.o(.ARM.Collect$$libinit$$00000032)
    .ARM.Collect$$libinit$$00000033          0x08000242   Section        2  libinit2.o(.ARM.Collect$$libinit$$00000033)
    .ARM.Collect$$libshutdown$$00000000      0x08000244   Section        2  libshutdown.o(.ARM.Collect$$libshutdown$$00000000)
    .ARM.Collect$$libshutdown$$00000002      0x08000246   Section        0  libshutdown2.o(.ARM.Collect$$libshutdown$$00000002)
    .ARM.Collect$$libshutdown$$00000004      0x08000246   Section        0  libshutdown2.o(.ARM.Collect$$libshutdown$$00000004)
    .ARM.Collect$$libshutdown$$00000007      0x08000246   Section        0  libshutdown2.o(.ARM.Collect$$libshutdown$$00000007)
    .ARM.Collect$$libshutdown$$0000000A      0x08000246   Section        0  libshutdown2.o(.ARM.Collect$$libshutdown$$0000000A)
    .ARM.Collect$$libshutdown$$0000000C      0x08000246   Section        0  libshutdown2.o(.ARM.Collect$$libshutdown$$0000000C)
    .ARM.Collect$$libshutdown$$0000000F      0x08000246   Section        0  libshutdown2.o(.ARM.Collect$$libshutdown$$0000000F)
    .ARM.Collect$$libshutdown$$00000010      0x08000246   Section        2  libshutdown2.o(.ARM.Collect$$libshutdown$$00000010)
    .ARM.Collect$$rtentry$$00000000          0x08000248   Section        0  __rtentry.o(.ARM.Collect$$rtentry$$00000000)
    .ARM.Collect$$rtentry$$00000002          0x08000248   Section        0  __rtentry2.o(.ARM.Collect$$rtentry$$00000002)
    .ARM.Collect$$rtentry$$00000004          0x08000248   Section        6  __rtentry4.o(.ARM.Collect$$rtentry$$00000004)
    .ARM.Collect$$rtentry$$00000009          0x0800024e   Section        0  __rtentry2.o(.ARM.Collect$$rtentry$$00000009)
    .ARM.Collect$$rtentry$$0000000A          0x0800024e   Section        4  __rtentry2.o(.ARM.Collect$$rtentry$$0000000A)
    .ARM.Collect$$rtentry$$0000000C          0x08000252   Section        0  __rtentry2.o(.ARM.Collect$$rtentry$$0000000C)
    .ARM.Collect$$rtentry$$0000000D          0x08000252   Section        8  __rtentry2.o(.ARM.Collect$$rtentry$$0000000D)
    .ARM.Collect$$rtexit$$00000000           0x0800025a   Section        2  rtexit.o(.ARM.Collect$$rtexit$$00000000)
    .ARM.Collect$$rtexit$$00000002           0x0800025c   Section        0  rtexit2.o(.ARM.Collect$$rtexit$$00000002)
    .ARM.Collect$$rtexit$$00000003           0x0800025c   Section        4  rtexit2.o(.ARM.Collect$$rtexit$$00000003)
    .ARM.Collect$$rtexit$$00000004           0x08000260   Section        6  rtexit2.o(.ARM.Collect$$rtexit$$00000004)
    $v0                                      0x08000268   Number         0  startup_stm32f446xx.o(.text)
    .text                                    0x08000268   Section       64  startup_stm32f446xx.o(.text)
    .text                                    0x080002a8   Section      116  llsdiv.o(.text)
    .text                                    0x0800031c   Section        0  noretval__2sprintf.o(.text)
    .text                                    0x08000344   Section        0  __printf.o(.text)
    .text                                    0x080003ac   Section        0  _printf_hex_int.o(.text)
    .text                                    0x08000404   Section        0  heapauxi.o(.text)
    .text                                    0x0800040a   Section      240  lludivv7m.o(.text)
    .text                                    0x080004fa   Section        0  _printf_intcommon.o(.text)
    _fp_digits                               0x080005ad   Thumb Code   432  _printf_fp_dec.o(.text)
    .text                                    0x080005ac   Section        0  _printf_fp_dec.o(.text)
    _printf_input_char                       0x080009c9   Thumb Code    10  _printf_char_common.o(.text)
    .text                                    0x080009c8   Section        0  _printf_char_common.o(.text)
    .text                                    0x080009f8   Section        0  _sputc.o(.text)
    .text                                    0x08000a04   Section        8  rt_locale_intlibspace.o(.text)
    .text                                    0x08000a0c   Section      138  lludiv10.o(.text)
    .text                                    0x08000a98   Section        0  _printf_fp_infnan.o(.text)
    .text                                    0x08000b18   Section        0  bigflt0.o(.text)
    .text                                    0x08000bfc   Section        8  libspace.o(.text)
    .text                                    0x08000c04   Section       74  sys_stackheap_outer.o(.text)
    .text                                    0x08000c4e   Section        0  exit.o(.text)
    .text                                    0x08000c60   Section      124  strcmpv7em.o(.text)
    .text                                    0x08000cdc   Section        0  sys_exit.o(.text)
    .text                                    0x08000ce8   Section        2  use_no_semi.o(.text)
    .text                                    0x08000cea   Section        0  indicate_semi.o(.text)
    [Anonymous Symbol]                       0x08000cec   Section        0  spi.o(.text.BME280_compensate_P_int32)
    [Anonymous Symbol]                       0x08000e80   Section        0  spi.o(.text.BME280_compensate_T_int32)
    [Anonymous Symbol]                       0x08000ed0   Section        0  spi.o(.text.CS_Disable)
    [Anonymous Symbol]                       0x08000ee0   Section        0  spi.o(.text.CS_Enable)
    [Anonymous Symbol]                       0x08000ef0   Section        0  timer.o(.text.Delay_ms)
    [Anonymous Symbol]                       0x08000f0c   Section        0  timer.o(.text.Delay_s)
    [Anonymous Symbol]                       0x08000f28   Section        0  timer.o(.text.Delay_us)
    [Anonymous Symbol]                       0x08000f3c   Section        0  gpio.o(.text.GPIOConfig)
    [Anonymous Symbol]                       0x08000f74   Section        0  spi.o(.text.SPIConfig)
    [Anonymous Symbol]                       0x08000fcc   Section        0  spi.o(.text.SPI_Enable)
    [Anonymous Symbol]                       0x08000fe0   Section        0  spi.o(.text.SPI_Receive)
    [Anonymous Symbol]                       0x08001014   Section        0  spi.o(.text.SPI_Transmit)
    [Anonymous Symbol]                       0x0800104c   Section        0  system_stm32f4xx.o(.text.SystemInit)
    __NVIC_EnableIRQ                         0x08001061   Thumb Code    14  usart.o(.text.__NVIC_EnableIRQ)
    [Anonymous Symbol]                       0x08001060   Section        0  usart.o(.text.__NVIC_EnableIRQ)
    [Anonymous Symbol]                       0x08001070   Section        0  clock.o(.text.clockConfig)
    [Anonymous Symbol]                       0x080010f8   Section        0  spi.o(.text.configureBME)
    [Anonymous Symbol]                       0x08001110   Section        0  main.o(.text.main)
    [Anonymous Symbol]                       0x0800121c   Section        0  spi.o(.text.read)
    [Anonymous Symbol]                       0x0800124c   Section        0  spi.o(.text.readChipId)
    [Anonymous Symbol]                       0x08001284   Section        0  spi.o(.text.readRawPress)
    [Anonymous Symbol]                       0x080012b4   Section        0  spi.o(.text.readRawTemp)
    [Anonymous Symbol]                       0x080012e4   Section        0  spi.o(.text.readTrim)
    [Anonymous Symbol]                       0x08001388   Section        0  usart.o(.text.sendChar)
    [Anonymous Symbol]                       0x0800139c   Section        0  usart.o(.text.sendString)
    [Anonymous Symbol]                       0x080013c4   Section        0  timer.o(.text.timerConfig)
    [Anonymous Symbol]                       0x080013f8   Section        0  usart.o(.text.usartConfig)
    [Anonymous Symbol]                       0x08001484   Section        0  spi.o(.text.write)
    CL$$btod_d2e                             0x080014aa   Section       62  btod.o(CL$$btod_d2e)
    CL$$btod_d2e_denorm_low                  0x080014e8   Section       70  btod.o(CL$$btod_d2e_denorm_low)
    CL$$btod_d2e_norm_op1                    0x0800152e   Section       96  btod.o(CL$$btod_d2e_norm_op1)
    CL$$btod_div_common                      0x08001590   Section      824  btod.o(CL$$btod_div_common)
    CL$$btod_e2e                             0x080018c8   Section      220  btod.o(CL$$btod_e2e)
    CL$$btod_ediv                            0x080019a4   Section       42  btod.o(CL$$btod_ediv)
    CL$$btod_emul                            0x080019ce   Section       42  btod.o(CL$$btod_emul)
    CL$$btod_mult_common                     0x080019f8   Section      580  btod.o(CL$$btod_mult_common)
    i.__ARM_fpclassify                       0x08001c3c   Section        0  fpclassify.o(i.__ARM_fpclassify)
    locale$$code                             0x08001c6c   Section       44  lc_numeric_c.o(locale$$code)
    $v0                                      0x08001c98   Number         0  d2f.o(x$fpl$d2f)
    x$fpl$d2f                                0x08001c98   Section       98  d2f.o(x$fpl$d2f)
    $v0                                      0x08001cfc   Number         0  ddiv.o(x$fpl$ddiv)
    x$fpl$ddiv                               0x08001cfc   Section      692  ddiv.o(x$fpl$ddiv)
    ddiv_entry                               0x08001d03   Thumb Code     0  ddiv.o(x$fpl$ddiv)
    $v0                                      0x08001fb0   Number         0  dflt_clz.o(x$fpl$dflt)
    x$fpl$dflt                               0x08001fb0   Section       46  dflt_clz.o(x$fpl$dflt)
    $v0                                      0x08001fde   Number         0  dflt_clz.o(x$fpl$dfltu)
    x$fpl$dfltu                              0x08001fde   Section       38  dflt_clz.o(x$fpl$dfltu)
    $v0                                      0x08002004   Number         0  dmul.o(x$fpl$dmul)
    x$fpl$dmul                               0x08002004   Section      340  dmul.o(x$fpl$dmul)
    $v0                                      0x08002158   Number         0  dnaninf.o(x$fpl$dnaninf)
    x$fpl$dnaninf                            0x08002158   Section      156  dnaninf.o(x$fpl$dnaninf)
    $v0                                      0x080021f4   Number         0  dretinf.o(x$fpl$dretinf)
    x$fpl$dretinf                            0x080021f4   Section       12  dretinf.o(x$fpl$dretinf)
    $v0                                      0x08002200   Number         0  f2d.o(x$fpl$f2d)
    x$fpl$f2d                                0x08002200   Section       86  f2d.o(x$fpl$f2d)
    $v0                                      0x08002256   Number         0  fnaninf.o(x$fpl$fnaninf)
    x$fpl$fnaninf                            0x08002256   Section      140  fnaninf.o(x$fpl$fnaninf)
    $v0                                      0x080022e2   Number         0  fpinit.o(x$fpl$fpinit)
    x$fpl$fpinit                             0x080022e2   Section       26  fpinit.o(x$fpl$fpinit)
    $v0                                      0x080022fc   Number         0  fretinf.o(x$fpl$fretinf)
    x$fpl$fretinf                            0x080022fc   Section       10  fretinf.o(x$fpl$fretinf)
    $v0                                      0x08002306   Number         0  printf1.o(x$fpl$printf1)
    x$fpl$printf1                            0x08002306   Section        4  printf1.o(x$fpl$printf1)
    uc_hextab                                0x0800230a   Data          20  _printf_hex_int.o(.constdata)
    .constdata                               0x0800230a   Section       40  _printf_hex_int.o(.constdata)
    x$fpl$usenofp                            0x0800230a   Section        0  usenofp.o(x$fpl$usenofp)
    lc_hextab                                0x0800231e   Data          20  _printf_hex_int.o(.constdata)
    tenpwrs_x                                0x08002334   Data          60  bigflt0.o(.constdata)
    .constdata                               0x08002334   Section      148  bigflt0.o(.constdata)
    tenpwrs_i                                0x08002370   Data          64  bigflt0.o(.constdata)
    locale$$data                             0x080023d8   Section       28  lc_numeric_c.o(locale$$data)
    __lcnum_c_name                           0x080023dc   Data           2  lc_numeric_c.o(locale$$data)
    __lcnum_c_start                          0x080023e4   Data           0  lc_numeric_c.o(locale$$data)
    __lcnum_c_point                          0x080023f0   Data           0  lc_numeric_c.o(locale$$data)
    __lcnum_c_thousands                      0x080023f2   Data           0  lc_numeric_c.o(locale$$data)
    __lcnum_c_grouping                       0x080023f3   Data           0  lc_numeric_c.o(locale$$data)
    __lcnum_c_end                            0x080023f4   Data           0  lc_numeric_c.o(locale$$data)
    .bss                                     0x20000000   Section       96  libspace.o(.bss)
    Heap_Mem                                 0x200000b0   Data         512  startup_stm32f446xx.o(HEAP)
    HEAP                                     0x200000b0   Section      512  startup_stm32f446xx.o(HEAP)
    Stack_Mem                                0x200002b0   Data        1024  startup_stm32f446xx.o(STACK)
    STACK                                    0x200002b0   Section     1024  startup_stm32f446xx.o(STACK)
    __initial_sp                             0x200006b0   Data           0  startup_stm32f446xx.o(STACK)

    Global Symbols

    Symbol Name                              Value     Ov Type        Size  Object(Section)

    BuildAttributes$$THM_ISAv4$E$P$D$K$B$S$7EM$VFPi3$EXTD16$VFPS$VFMA$PE$A:L22UL41UL21$X:L11$S22US41US21$IEEE1$IW$~IW$USESV6$~STKCKD$USESV7$~SHL$OTIME$ROPI$IEEEJ$EBA8$UX$STANDARDLIB$REQ8$PRES8$EABIv2 0x00000000   Number         0  anon$$obj.o ABSOLUTE
    __ARM_exceptions_init                     - Undefined Weak Reference
    __alloca_initialize                       - Undefined Weak Reference
    __arm_preinit_                            - Undefined Weak Reference
    __cpp_initialize__aeabi_                  - Undefined Weak Reference
    __cxa_finalize                            - Undefined Weak Reference
    __sigvec_lookup                           - Undefined Weak Reference
    _atexit_init                              - Undefined Weak Reference
    _call_atexit_fns                          - Undefined Weak Reference
    _clock_init                               - Undefined Weak Reference
    _fp_trap_init                             - Undefined Weak Reference
    _fp_trap_shutdown                         - Undefined Weak Reference
    _get_lc_collate                           - Undefined Weak Reference
    _get_lc_ctype                             - Undefined Weak Reference
    _get_lc_monetary                          - Undefined Weak Reference
    _get_lc_time                              - Undefined Weak Reference
    _getenv_init                              - Undefined Weak Reference
    _handle_redirection                       - Undefined Weak Reference
    _init_alloc                               - Undefined Weak Reference
    _init_user_alloc                          - Undefined Weak Reference
    _initio                                   - Undefined Weak Reference
    _printf_post_padding                      - Undefined Weak Reference
    _printf_pre_padding                       - Undefined Weak Reference
    _printf_truncate_unsigned                 - Undefined Weak Reference
    _rand_init                                - Undefined Weak Reference
    _signal_finish                            - Undefined Weak Reference
    _signal_init                              - Undefined Weak Reference
    _terminate_alloc                          - Undefined Weak Reference
    _terminate_user_alloc                     - Undefined Weak Reference
    _terminateio                              - Undefined Weak Reference
    __Vectors_Size                           0x000001c4   Number         0  startup_stm32f446xx.o ABSOLUTE
    __Vectors                                0x08000000   Data           4  startup_stm32f446xx.o(RESET)
    __Vectors_End                            0x080001c4   Data           0  startup_stm32f446xx.o(RESET)
    __main                                   0x080001c5   Thumb Code     8  __main.o(!!!main)
    __scatterload                            0x080001cd   Thumb Code     0  __scatter.o(!!!scatter)
    __scatterload_rt2                        0x080001cd   Thumb Code    44  __scatter.o(!!!scatter)
    __scatterload_rt2_thumb_only             0x080001cd   Thumb Code     0  __scatter.o(!!!scatter)
    __scatterload_null                       0x080001db   Thumb Code     0  __scatter.o(!!!scatter)
    __scatterload_zeroinit                   0x08000201   Thumb Code    28  __scatter_zi.o(!!handler_zi)
    _printf_f                                0x0800021d   Thumb Code     0  _printf_f.o(.ARM.Collect$$_printf_percent$$00000003)
    _printf_percent                          0x0800021d   Thumb Code     0  _printf_percent.o(.ARM.Collect$$_printf_percent$$00000000)
    _printf_x                                0x08000223   Thumb Code     0  _printf_x.o(.ARM.Collect$$_printf_percent$$0000000C)
    _printf_percent_end                      0x08000229   Thumb Code     0  _printf_percent_end.o(.ARM.Collect$$_printf_percent$$00000017)
    __rt_lib_init                            0x0800022d   Thumb Code     0  libinit.o(.ARM.Collect$$libinit$$00000000)
    __rt_lib_init_fp_1                       0x0800022f   Thumb Code     0  libinit2.o(.ARM.Collect$$libinit$$00000001)
    __rt_lib_init_heap_1                     0x08000233   Thumb Code     0  libinit2.o(.ARM.Collect$$libinit$$0000000A)
    __rt_lib_init_lc_common                  0x08000233   Thumb Code     0  libinit2.o(.ARM.Collect$$libinit$$0000000F)
    __rt_lib_init_preinit_1                  0x08000233   Thumb Code     0  libinit2.o(.ARM.Collect$$libinit$$00000004)
    __rt_lib_init_rand_1                     0x08000233   Thumb Code     0  libinit2.o(.ARM.Collect$$libinit$$0000000E)
    __rt_lib_init_user_alloc_1               0x08000233   Thumb Code     0  libinit2.o(.ARM.Collect$$libinit$$0000000C)
    __rt_lib_init_lc_collate_1               0x08000239   Thumb Code     0  libinit2.o(.ARM.Collect$$libinit$$00000011)
    __rt_lib_init_lc_ctype_1                 0x08000239   Thumb Code     0  libinit2.o(.ARM.Collect$$libinit$$00000013)
    __rt_lib_init_lc_monetary_1              0x08000239   Thumb Code     0  libinit2.o(.ARM.Collect$$libinit$$00000015)
    __rt_lib_init_lc_numeric_2               0x08000239   Thumb Code     0  libinit2.o(.ARM.Collect$$libinit$$00000016)
    __rt_lib_init_alloca_1                   0x08000243   Thumb Code     0  libinit2.o(.ARM.Collect$$libinit$$0000002E)
    __rt_lib_init_argv_1                     0x08000243   Thumb Code     0  libinit2.o(.ARM.Collect$$libinit$$0000002C)
    __rt_lib_init_atexit_1                   0x08000243   Thumb Code     0  libinit2.o(.ARM.Collect$$libinit$$0000001B)
    __rt_lib_init_clock_1                    0x08000243   Thumb Code     0  libinit2.o(.ARM.Collect$$libinit$$00000021)
    __rt_lib_init_cpp_1                      0x08000243   Thumb Code     0  libinit2.o(.ARM.Collect$$libinit$$00000032)
    __rt_lib_init_exceptions_1               0x08000243   Thumb Code     0  libinit2.o(.ARM.Collect$$libinit$$00000030)
    __rt_lib_init_fp_trap_1                  0x08000243   Thumb Code     0  libinit2.o(.ARM.Collect$$libinit$$0000001F)
    __rt_lib_init_getenv_1                   0x08000243   Thumb Code     0  libinit2.o(.ARM.Collect$$libinit$$00000023)
    __rt_lib_init_lc_numeric_1               0x08000243   Thumb Code     0  libinit2.o(.ARM.Collect$$libinit$$00000017)
    __rt_lib_init_lc_time_1                  0x08000243   Thumb Code     0  libinit2.o(.ARM.Collect$$libinit$$00000019)
    __rt_lib_init_return                     0x08000243   Thumb Code     0  libinit2.o(.ARM.Collect$$libinit$$00000033)
    __rt_lib_init_signal_1                   0x08000243   Thumb Code     0  libinit2.o(.ARM.Collect$$libinit$$0000001D)
    __rt_lib_init_stdio_1                    0x08000243   Thumb Code     0  libinit2.o(.ARM.Collect$$libinit$$00000025)
    __rt_lib_shutdown                        0x08000245   Thumb Code     0  libshutdown.o(.ARM.Collect$$libshutdown$$00000000)
    __rt_lib_shutdown_cpp_1                  0x08000247   Thumb Code     0  libshutdown2.o(.ARM.Collect$$libshutdown$$00000002)
    __rt_lib_shutdown_fp_trap_1              0x08000247   Thumb Code     0  libshutdown2.o(.ARM.Collect$$libshutdown$$00000007)
    __rt_lib_shutdown_heap_1                 0x08000247   Thumb Code     0  libshutdown2.o(.ARM.Collect$$libshutdown$$0000000F)
    __rt_lib_shutdown_return                 0x08000247   Thumb Code     0  libshutdown2.o(.ARM.Collect$$libshutdown$$00000010)
    __rt_lib_shutdown_signal_1               0x08000247   Thumb Code     0  libshutdown2.o(.ARM.Collect$$libshutdown$$0000000A)
    __rt_lib_shutdown_stdio_1                0x08000247   Thumb Code     0  libshutdown2.o(.ARM.Collect$$libshutdown$$00000004)
    __rt_lib_shutdown_user_alloc_1           0x08000247   Thumb Code     0  libshutdown2.o(.ARM.Collect$$libshutdown$$0000000C)
    __rt_entry                               0x08000249   Thumb Code     0  __rtentry.o(.ARM.Collect$$rtentry$$00000000)
    __rt_entry_presh_1                       0x08000249   Thumb Code     0  __rtentry2.o(.ARM.Collect$$rtentry$$00000002)
    __rt_entry_sh                            0x08000249   Thumb Code     0  __rtentry4.o(.ARM.Collect$$rtentry$$00000004)
    __rt_entry_li                            0x0800024f   Thumb Code     0  __rtentry2.o(.ARM.Collect$$rtentry$$0000000A)
    __rt_entry_postsh_1                      0x0800024f   Thumb Code     0  __rtentry2.o(.ARM.Collect$$rtentry$$00000009)
    __rt_entry_main                          0x08000253   Thumb Code     0  __rtentry2.o(.ARM.Collect$$rtentry$$0000000D)
    __rt_entry_postli_1                      0x08000253   Thumb Code     0  __rtentry2.o(.ARM.Collect$$rtentry$$0000000C)
    __rt_exit                                0x0800025b   Thumb Code     0  rtexit.o(.ARM.Collect$$rtexit$$00000000)
    __rt_exit_ls                             0x0800025d   Thumb Code     0  rtexit2.o(.ARM.Collect$$rtexit$$00000003)
    __rt_exit_prels_1                        0x0800025d   Thumb Code     0  rtexit2.o(.ARM.Collect$$rtexit$$00000002)
    __rt_exit_exit                           0x08000261   Thumb Code     0  rtexit2.o(.ARM.Collect$$rtexit$$00000004)
    Reset_Handler                            0x08000269   Thumb Code     8  startup_stm32f446xx.o(.text)
    NMI_Handler                              0x08000271   Thumb Code     2  startup_stm32f446xx.o(.text)
    HardFault_Handler                        0x08000273   Thumb Code     2  startup_stm32f446xx.o(.text)
    MemManage_Handler                        0x08000275   Thumb Code     2  startup_stm32f446xx.o(.text)
    BusFault_Handler                         0x08000277   Thumb Code     2  startup_stm32f446xx.o(.text)
    UsageFault_Handler                       0x08000279   Thumb Code     2  startup_stm32f446xx.o(.text)
    SVC_Handler                              0x0800027b   Thumb Code     2  startup_stm32f446xx.o(.text)
    DebugMon_Handler                         0x0800027d   Thumb Code     2  startup_stm32f446xx.o(.text)
    PendSV_Handler                           0x0800027f   Thumb Code     2  startup_stm32f446xx.o(.text)
    SysTick_Handler                          0x08000281   Thumb Code     2  startup_stm32f446xx.o(.text)
    ADC_IRQHandler                           0x08000283   Thumb Code     0  startup_stm32f446xx.o(.text)
    CAN1_RX0_IRQHandler                      0x08000283   Thumb Code     0  startup_stm32f446xx.o(.text)
    CAN1_RX1_IRQHandler                      0x08000283   Thumb Code     0  startup_stm32f446xx.o(.text)
    CAN1_SCE_IRQHandler                      0x08000283   Thumb Code     0  startup_stm32f446xx.o(.text)
    CAN1_TX_IRQHandler                       0x08000283   Thumb Code     0  startup_stm32f446xx.o(.text)
    CAN2_RX0_IRQHandler                      0x08000283   Thumb Code     0  startup_stm32f446xx.o(.text)
    CAN2_RX1_IRQHandler                      0x08000283   Thumb Code     0  startup_stm32f446xx.o(.text)
    CAN2_SCE_IRQHandler                      0x08000283   Thumb Code     0  startup_stm32f446xx.o(.text)
    CAN2_TX_IRQHandler                       0x08000283   Thumb Code     0  startup_stm32f446xx.o(.text)
    CEC_IRQHandler                           0x08000283   Thumb Code     0  startup_stm32f446xx.o(.text)
    DCMI_IRQHandler                          0x08000283   Thumb Code     0  startup_stm32f446xx.o(.text)
    DMA1_Stream0_IRQHandler                  0x08000283   Thumb Code     0  startup_stm32f446xx.o(.text)
    DMA1_Stream1_IRQHandler                  0x08000283   Thumb Code     0  startup_stm32f446xx.o(.text)
    DMA1_Stream2_IRQHandler                  0x08000283   Thumb Code     0  startup_stm32f446xx.o(.text)
    DMA1_Stream3_IRQHandler                  0x08000283   Thumb Code     0  startup_stm32f446xx.o(.text)
    DMA1_Stream4_IRQHandler                  0x08000283   Thumb Code     0  startup_stm32f446xx.o(.text)
    DMA1_Stream5_IRQHandler                  0x08000283   Thumb Code     0  startup_stm32f446xx.o(.text)
    DMA1_Stream6_IRQHandler                  0x08000283   Thumb Code     0  startup_stm32f446xx.o(.text)
    DMA1_Stream7_IRQHandler                  0x08000283   Thumb Code     0  startup_stm32f446xx.o(.text)
    DMA2_Stream0_IRQHandler                  0x08000283   Thumb Code     0  startup_stm32f446xx.o(.text)
    DMA2_Stream1_IRQHandler                  0x08000283   Thumb Code     0  startup_stm32f446xx.o(.text)
    DMA2_Stream2_IRQHandler                  0x08000283   Thumb Code     0  startup_stm32f446xx.o(.text)
    DMA2_Stream3_IRQHandler                  0x08000283   Thumb Code     0  startup_stm32f446xx.o(.text)
    DMA2_Stream4_IRQHandler                  0x08000283   Thumb Code     0  startup_stm32f446xx.o(.text)
    DMA2_Stream5_IRQHandler                  0x08000283   Thumb Code     0  startup_stm32f446xx.o(.text)
    DMA2_Stream6_IRQHandler                  0x08000283   Thumb Code     0  startup_stm32f446xx.o(.text)
    DMA2_Stream7_IRQHandler                  0x08000283   Thumb Code     0  startup_stm32f446xx.o(.text)
    EXTI0_IRQHandler                         0x08000283   Thumb Code     0  startup_stm32f446xx.o(.text)
    EXTI15_10_IRQHandler                     0x08000283   Thumb Code     0  startup_stm32f446xx.o(.text)
    EXTI1_IRQHandler                         0x08000283   Thumb Code     0  startup_stm32f446xx.o(.text)
    EXTI2_IRQHandler                         0x08000283   Thumb Code     0  startup_stm32f446xx.o(.text)
    EXTI3_IRQHandler                         0x08000283   Thumb Code     0  startup_stm32f446xx.o(.text)
    EXTI4_IRQHandler                         0x08000283   Thumb Code     0  startup_stm32f446xx.o(.text)
    EXTI9_5_IRQHandler                       0x08000283   Thumb Code     0  startup_stm32f446xx.o(.text)
    FLASH_IRQHandler                         0x08000283   Thumb Code     0  startup_stm32f446xx.o(.text)
    FMC_IRQHandler                           0x08000283   Thumb Code     0  startup_stm32f446xx.o(.text)
    FMPI2C1_ER_IRQHandler                    0x08000283   Thumb Code     0  startup_stm32f446xx.o(.text)
    FMPI2C1_EV_IRQHandler                    0x08000283   Thumb Code     0  startup_stm32f446xx.o(.text)
    FPU_IRQHandler                           0x08000283   Thumb Code     0  startup_stm32f446xx.o(.text)
    I2C1_ER_IRQHandler                       0x08000283   Thumb Code     0  startup_stm32f446xx.o(.text)
    I2C1_EV_IRQHandler                       0x08000283   Thumb Code     0  startup_stm32f446xx.o(.text)
    I2C2_ER_IRQHandler                       0x08000283   Thumb Code     0  startup_stm32f446xx.o(.text)
    I2C2_EV_IRQHandler                       0x08000283   Thumb Code     0  startup_stm32f446xx.o(.text)
    I2C3_ER_IRQHandler                       0x08000283   Thumb Code     0  startup_stm32f446xx.o(.text)
    I2C3_EV_IRQHandler                       0x08000283   Thumb Code     0  startup_stm32f446xx.o(.text)
    OTG_FS_IRQHandler                        0x08000283   Thumb Code     0  startup_stm32f446xx.o(.text)
    OTG_FS_WKUP_IRQHandler                   0x08000283   Thumb Code     0  startup_stm32f446xx.o(.text)
    OTG_HS_EP1_IN_IRQHandler                 0x08000283   Thumb Code     0  startup_stm32f446xx.o(.text)
    OTG_HS_EP1_OUT_IRQHandler                0x08000283   Thumb Code     0  startup_stm32f446xx.o(.text)
    OTG_HS_IRQHandler                        0x08000283   Thumb Code     0  startup_stm32f446xx.o(.text)
    OTG_HS_WKUP_IRQHandler                   0x08000283   Thumb Code     0  startup_stm32f446xx.o(.text)
    PVD_IRQHandler                           0x08000283   Thumb Code     0  startup_stm32f446xx.o(.text)
    QUADSPI_IRQHandler                       0x08000283   Thumb Code     0  startup_stm32f446xx.o(.text)
    RCC_IRQHandler                           0x08000283   Thumb Code     0  startup_stm32f446xx.o(.text)
    RTC_Alarm_IRQHandler                     0x08000283   Thumb Code     0  startup_stm32f446xx.o(.text)
    RTC_WKUP_IRQHandler                      0x08000283   Thumb Code     0  startup_stm32f446xx.o(.text)
    SAI1_IRQHandler                          0x08000283   Thumb Code     0  startup_stm32f446xx.o(.text)
    SAI2_IRQHandler                          0x08000283   Thumb Code     0  startup_stm32f446xx.o(.text)
    SDIO_IRQHandler                          0x08000283   Thumb Code     0  startup_stm32f446xx.o(.text)
    SPDIF_RX_IRQHandler                      0x08000283   Thumb Code     0  startup_stm32f446xx.o(.text)
    SPI1_IRQHandler                          0x08000283   Thumb Code     0  startup_stm32f446xx.o(.text)
    SPI2_IRQHandler                          0x08000283   Thumb Code     0  startup_stm32f446xx.o(.text)
    SPI3_IRQHandler                          0x08000283   Thumb Code     0  startup_stm32f446xx.o(.text)
    SPI4_IRQHandler                          0x08000283   Thumb Code     0  startup_stm32f446xx.o(.text)
    TAMP_STAMP_IRQHandler                    0x08000283   Thumb Code     0  startup_stm32f446xx.o(.text)
    TIM1_BRK_TIM9_IRQHandler                 0x08000283   Thumb Code     0  startup_stm32f446xx.o(.text)
    TIM1_CC_IRQHandler                       0x08000283   Thumb Code     0  startup_stm32f446xx.o(.text)
    TIM1_TRG_COM_TIM11_IRQHandler            0x08000283   Thumb Code     0  startup_stm32f446xx.o(.text)
    TIM1_UP_TIM10_IRQHandler                 0x08000283   Thumb Code     0  startup_stm32f446xx.o(.text)
    TIM2_IRQHandler                          0x08000283   Thumb Code     0  startup_stm32f446xx.o(.text)
    TIM3_IRQHandler                          0x08000283   Thumb Code     0  startup_stm32f446xx.o(.text)
    TIM4_IRQHandler                          0x08000283   Thumb Code     0  startup_stm32f446xx.o(.text)
    TIM5_IRQHandler                          0x08000283   Thumb Code     0  startup_stm32f446xx.o(.text)
    TIM6_DAC_IRQHandler                      0x08000283   Thumb Code     0  startup_stm32f446xx.o(.text)
    TIM7_IRQHandler                          0x08000283   Thumb Code     0  startup_stm32f446xx.o(.text)
    TIM8_BRK_TIM12_IRQHandler                0x08000283   Thumb Code     0  startup_stm32f446xx.o(.text)
    TIM8_CC_IRQHandler                       0x08000283   Thumb Code     0  startup_stm32f446xx.o(.text)
    TIM8_TRG_COM_TIM14_IRQHandler            0x08000283   Thumb Code     0  startup_stm32f446xx.o(.text)
    TIM8_UP_TIM13_IRQHandler                 0x08000283   Thumb Code     0  startup_stm32f446xx.o(.text)
    UART4_IRQHandler                         0x08000283   Thumb Code     0  startup_stm32f446xx.o(.text)
    UART5_IRQHandler                         0x08000283   Thumb Code     0  startup_stm32f446xx.o(.text)
    USART1_IRQHandler                        0x08000283   Thumb Code     0  startup_stm32f446xx.o(.text)
    USART2_IRQHandler                        0x08000283   Thumb Code     0  startup_stm32f446xx.o(.text)
    USART3_IRQHandler                        0x08000283   Thumb Code     0  startup_stm32f446xx.o(.text)
    USART6_IRQHandler                        0x08000283   Thumb Code     0  startup_stm32f446xx.o(.text)
    WWDG_IRQHandler                          0x08000283   Thumb Code     0  startup_stm32f446xx.o(.text)
    __user_initial_stackheap                 0x08000285   Thumb Code     0  startup_stm32f446xx.o(.text)
    __aeabi_ldivmod                          0x080002a9   Thumb Code     0  llsdiv.o(.text)
    _ll_sdiv                                 0x080002a9   Thumb Code   116  llsdiv.o(.text)
    __2sprintf                               0x0800031d   Thumb Code    34  noretval__2sprintf.o(.text)
    __printf                                 0x08000345   Thumb Code   104  __printf.o(.text)
    _printf_int_hex                          0x080003ad   Thumb Code    84  _printf_hex_int.o(.text)
    _printf_longlong_hex                     0x080003ad   Thumb Code     0  _printf_hex_int.o(.text)
    __use_two_region_memory                  0x08000405   Thumb Code     2  heapauxi.o(.text)
    __rt_heap_escrow$2region                 0x08000407   Thumb Code     2  heapauxi.o(.text)
    __rt_heap_expand$2region                 0x08000409   Thumb Code     2  heapauxi.o(.text)
    __aeabi_uldivmod                         0x0800040b   Thumb Code     0  lludivv7m.o(.text)
    _ll_udiv                                 0x0800040b   Thumb Code   240  lludivv7m.o(.text)
    _printf_int_common                       0x080004fb   Thumb Code   178  _printf_intcommon.o(.text)
    _printf_fp_dec_real                      0x0800075d   Thumb Code   620  _printf_fp_dec.o(.text)
    _printf_char_common                      0x080009d3   Thumb Code    32  _printf_char_common.o(.text)
    _sputc                                   0x080009f9   Thumb Code    10  _sputc.o(.text)
    __rt_locale                              0x08000a05   Thumb Code     8  rt_locale_intlibspace.o(.text)
    _ll_udiv10                               0x08000a0d   Thumb Code   138  lludiv10.o(.text)
    _printf_fp_infnan                        0x08000a99   Thumb Code   112  _printf_fp_infnan.o(.text)
    _btod_etento                             0x08000b19   Thumb Code   224  bigflt0.o(.text)
    __user_libspace                          0x08000bfd   Thumb Code     8  libspace.o(.text)
    __user_perproc_libspace                  0x08000bfd   Thumb Code     0  libspace.o(.text)
    __user_perthread_libspace                0x08000bfd   Thumb Code     0  libspace.o(.text)
    __user_setup_stackheap                   0x08000c05   Thumb Code    74  sys_stackheap_outer.o(.text)
    exit                                     0x08000c4f   Thumb Code    18  exit.o(.text)
    strcmp                                   0x08000c61   Thumb Code   124  strcmpv7em.o(.text)
    _sys_exit                                0x08000cdd   Thumb Code     8  sys_exit.o(.text)
    __I$use$semihosting                      0x08000ce9   Thumb Code     0  use_no_semi.o(.text)
    __use_no_semihosting_swi                 0x08000ce9   Thumb Code     2  use_no_semi.o(.text)
    __semihosting_library_function           0x08000ceb   Thumb Code     0  indicate_semi.o(.text)
    BME280_compensate_P_int32                0x08000ced   Thumb Code   402  spi.o(.text.BME280_compensate_P_int32)
    BME280_compensate_T_int32                0x08000e81   Thumb Code    78  spi.o(.text.BME280_compensate_T_int32)
    CS_Disable                               0x08000ed1   Thumb Code    16  spi.o(.text.CS_Disable)
    CS_Enable                                0x08000ee1   Thumb Code    16  spi.o(.text.CS_Enable)
    Delay_ms                                 0x08000ef1   Thumb Code    26  timer.o(.text.Delay_ms)
    Delay_s                                  0x08000f0d   Thumb Code    26  timer.o(.text.Delay_s)
    Delay_us                                 0x08000f29   Thumb Code    20  timer.o(.text.Delay_us)
    GPIOConfig                               0x08000f3d   Thumb Code    56  gpio.o(.text.GPIOConfig)
    SPIConfig                                0x08000f75   Thumb Code    86  spi.o(.text.SPIConfig)
    SPI_Enable                               0x08000fcd   Thumb Code    18  spi.o(.text.SPI_Enable)
    SPI_Receive                              0x08000fe1   Thumb Code    50  spi.o(.text.SPI_Receive)
    SPI_Transmit                             0x08001015   Thumb Code    56  spi.o(.text.SPI_Transmit)
    SystemInit                               0x0800104d   Thumb Code    18  system_stm32f4xx.o(.text.SystemInit)
    clockConfig                              0x08001071   Thumb Code   136  clock.o(.text.clockConfig)
    configureBME                             0x080010f9   Thumb Code    20  spi.o(.text.configureBME)
    main                                     0x08001111   Thumb Code   216  main.o(.text.main)
    read                                     0x0800121d   Thumb Code    46  spi.o(.text.read)
    readChipId                               0x0800124d   Thumb Code    44  spi.o(.text.readChipId)
    readRawPress                             0x08001285   Thumb Code    46  spi.o(.text.readRawPress)
    readRawTemp                              0x080012b5   Thumb Code    46  spi.o(.text.readRawTemp)
    readTrim                                 0x080012e5   Thumb Code   164  spi.o(.text.readTrim)
    sendChar                                 0x08001389   Thumb Code    20  usart.o(.text.sendChar)
    sendString                               0x0800139d   Thumb Code    40  usart.o(.text.sendString)
    timerConfig                              0x080013c5   Thumb Code    52  timer.o(.text.timerConfig)
    usartConfig                              0x080013f9   Thumb Code   138  usart.o(.text.usartConfig)
    write                                    0x08001485   Thumb Code    38  spi.o(.text.write)
    _btod_d2e                                0x080014ab   Thumb Code    62  btod.o(CL$$btod_d2e)
    _d2e_denorm_low                          0x080014e9   Thumb Code    70  btod.o(CL$$btod_d2e_denorm_low)
    _d2e_norm_op1                            0x0800152f   Thumb Code    96  btod.o(CL$$btod_d2e_norm_op1)
    __btod_div_common                        0x08001591   Thumb Code   696  btod.o(CL$$btod_div_common)
    _e2e                                     0x080018c9   Thumb Code   220  btod.o(CL$$btod_e2e)
    _btod_ediv                               0x080019a5   Thumb Code    42  btod.o(CL$$btod_ediv)
    _btod_emul                               0x080019cf   Thumb Code    42  btod.o(CL$$btod_emul)
    __btod_mult_common                       0x080019f9   Thumb Code   580  btod.o(CL$$btod_mult_common)
    __ARM_fpclassify                         0x08001c3d   Thumb Code    48  fpclassify.o(i.__ARM_fpclassify)
    _get_lc_numeric                          0x08001c6d   Thumb Code    44  lc_numeric_c.o(locale$$code)
    __aeabi_d2f                              0x08001c99   Thumb Code     0  d2f.o(x$fpl$d2f)
    _d2f                                     0x08001c99   Thumb Code    98  d2f.o(x$fpl$d2f)
    __aeabi_ddiv                             0x08001cfd   Thumb Code     0  ddiv.o(x$fpl$ddiv)
    _ddiv                                    0x08001cfd   Thumb Code   556  ddiv.o(x$fpl$ddiv)
    __aeabi_i2d                              0x08001fb1   Thumb Code     0  dflt_clz.o(x$fpl$dflt)
    _dflt                                    0x08001fb1   Thumb Code    46  dflt_clz.o(x$fpl$dflt)
    __aeabi_ui2d                             0x08001fdf   Thumb Code     0  dflt_clz.o(x$fpl$dfltu)
    _dfltu                                   0x08001fdf   Thumb Code    38  dflt_clz.o(x$fpl$dfltu)
    __aeabi_dmul                             0x08002005   Thumb Code     0  dmul.o(x$fpl$dmul)
    _dmul                                    0x08002005   Thumb Code   332  dmul.o(x$fpl$dmul)
    __fpl_dnaninf                            0x08002159   Thumb Code   156  dnaninf.o(x$fpl$dnaninf)
    __fpl_dretinf                            0x080021f5   Thumb Code    12  dretinf.o(x$fpl$dretinf)
    __aeabi_f2d                              0x08002201   Thumb Code     0  f2d.o(x$fpl$f2d)
    _f2d                                     0x08002201   Thumb Code    86  f2d.o(x$fpl$f2d)
    __fpl_fnaninf                            0x08002257   Thumb Code   140  fnaninf.o(x$fpl$fnaninf)
    _fp_init                                 0x080022e3   Thumb Code    26  fpinit.o(x$fpl$fpinit)
    __fplib_config_fpu_vfp                   0x080022fb   Thumb Code     0  fpinit.o(x$fpl$fpinit)
    __fplib_config_pureend_doubles           0x080022fb   Thumb Code     0  fpinit.o(x$fpl$fpinit)
    __fpl_fretinf                            0x080022fd   Thumb Code    10  fretinf.o(x$fpl$fretinf)
    _printf_fp_dec                           0x08002307   Thumb Code     4  printf1.o(x$fpl$printf1)
    __I$use$fp                               0x0800230a   Number         0  usenofp.o(x$fpl$usenofp)
    Region$$Table$$Base                      0x080023c8   Number         0  anon$$obj.o(Region$$Table)
    Region$$Table$$Limit                     0x080023d8   Number         0  anon$$obj.o(Region$$Table)
    __libspace_start                         0x20000000   Data          96  libspace.o(.bss)
    RxData                                   0x20000060   Data          30  main.o(.bss.RxData)
    __temporary_stack_top$libspace           0x20000060   Data           0  libspace.o(.bss)
    dig_P1                                   0x2000007e   Data           2  main.o(.bss.dig_P1)
    dig_P2                                   0x20000080   Data           2  main.o(.bss.dig_P2)
    dig_P3                                   0x20000082   Data           2  main.o(.bss.dig_P3)
    dig_P4                                   0x20000084   Data           2  main.o(.bss.dig_P4)
    dig_P5                                   0x20000086   Data           2  main.o(.bss.dig_P5)
    dig_P6                                   0x20000088   Data           2  main.o(.bss.dig_P6)
    dig_P7                                   0x2000008a   Data           2  main.o(.bss.dig_P7)
    dig_P8                                   0x2000008c   Data           2  main.o(.bss.dig_P8)
    dig_P9                                   0x2000008e   Data           2  main.o(.bss.dig_P9)
    dig_T1                                   0x20000090   Data           2  main.o(.bss.dig_T1)
    dig_T2                                   0x20000092   Data           2  main.o(.bss.dig_T2)
    dig_T3                                   0x20000094   Data           2  main.o(.bss.dig_T3)
    pressure                                 0x20000098   Data           4  main.o(.bss.pressure)
    rawPress                                 0x2000009c   Data           4  main.o(.bss.rawPress)
    rawTemp                                  0x200000a0   Data           4  main.o(.bss.rawTemp)
    t_fine                                   0x200000a4   Data           4  main.o(.bss.t_fine)
    temparature                              0x200000a8   Data           4  main.o(.bss.temparature)



==============================================================================

Memory Map of the image

  Image Entry point : 0x08000269

  Load Region LR_1 (Base: 0x08000000, Size: 0x000023f4, Max: 0xffffffff, ABSOLUTE)

    Execution Region ER_RO (Exec base: 0x08000000, Load base: 0x08000000, Size: 0x000023f4, Max: 0xffffffff, ABSOLUTE)

    Exec Addr    Load Addr    Size         Type   Attr      Idx    E Section Name        Object

    0x08000000   0x08000000   0x000001c4   Data   RO          118    RESET               startup_stm32f446xx.o
    0x080001c4   0x080001c4   0x00000008   Code   RO          196  * !!!main             c_w.l(__main.o)
    0x080001cc   0x080001cc   0x00000034   Code   RO          460    !!!scatter          c_w.l(__scatter.o)
    0x08000200   0x08000200   0x0000001c   Code   RO          462    !!handler_zi        c_w.l(__scatter_zi.o)
    0x0800021c   0x0800021c   0x00000000   Code   RO          193    .ARM.Collect$$_printf_percent$$00000000  c_w.l(_printf_percent.o)
    0x0800021c   0x0800021c   0x00000006   Code   RO          192    .ARM.Collect$$_printf_percent$$00000003  c_w.l(_printf_f.o)
    0x08000222   0x08000222   0x00000006   Code   RO          191    .ARM.Collect$$_printf_percent$$0000000C  c_w.l(_printf_x.o)
    0x08000228   0x08000228   0x00000004   Code   RO          233    .ARM.Collect$$_printf_percent$$00000017  c_w.l(_printf_percent_end.o)
    0x0800022c   0x0800022c   0x00000002   Code   RO          325    .ARM.Collect$$libinit$$00000000  c_w.l(libinit.o)
    0x0800022e   0x0800022e   0x00000004   Code   RO          326    .ARM.Collect$$libinit$$00000001  c_w.l(libinit2.o)
    0x08000232   0x08000232   0x00000000   Code   RO          329    .ARM.Collect$$libinit$$00000004  c_w.l(libinit2.o)
    0x08000232   0x08000232   0x00000000   Code   RO          332    .ARM.Collect$$libinit$$0000000A  c_w.l(libinit2.o)
    0x08000232   0x08000232   0x00000000   Code   RO          334    .ARM.Collect$$libinit$$0000000C  c_w.l(libinit2.o)
    0x08000232   0x08000232   0x00000000   Code   RO          336    .ARM.Collect$$libinit$$0000000E  c_w.l(libinit2.o)
    0x08000232   0x08000232   0x00000006   Code   RO          337    .ARM.Collect$$libinit$$0000000F  c_w.l(libinit2.o)
    0x08000238   0x08000238   0x00000000   Code   RO          339    .ARM.Collect$$libinit$$00000011  c_w.l(libinit2.o)
    0x08000238   0x08000238   0x00000000   Code   RO          341    .ARM.Collect$$libinit$$00000013  c_w.l(libinit2.o)
    0x08000238   0x08000238   0x00000000   Code   RO          343    .ARM.Collect$$libinit$$00000015  c_w.l(libinit2.o)
    0x08000238   0x08000238   0x0000000a   Code   RO          344    .ARM.Collect$$libinit$$00000016  c_w.l(libinit2.o)
    0x08000242   0x08000242   0x00000000   Code   RO          345    .ARM.Collect$$libinit$$00000017  c_w.l(libinit2.o)
    0x08000242   0x08000242   0x00000000   Code   RO          347    .ARM.Collect$$libinit$$00000019  c_w.l(libinit2.o)
    0x08000242   0x08000242   0x00000000   Code   RO          349    .ARM.Collect$$libinit$$0000001B  c_w.l(libinit2.o)
    0x08000242   0x08000242   0x00000000   Code   RO          351    .ARM.Collect$$libinit$$0000001D  c_w.l(libinit2.o)
    0x08000242   0x08000242   0x00000000   Code   RO          353    .ARM.Collect$$libinit$$0000001F  c_w.l(libinit2.o)
    0x08000242   0x08000242   0x00000000   Code   RO          355    .ARM.Collect$$libinit$$00000021  c_w.l(libinit2.o)
    0x08000242   0x08000242   0x00000000   Code   RO          357    .ARM.Collect$$libinit$$00000023  c_w.l(libinit2.o)
    0x08000242   0x08000242   0x00000000   Code   RO          359    .ARM.Collect$$libinit$$00000025  c_w.l(libinit2.o)
    0x08000242   0x08000242   0x00000000   Code   RO          363    .ARM.Collect$$libinit$$0000002C  c_w.l(libinit2.o)
    0x08000242   0x08000242   0x00000000   Code   RO          365    .ARM.Collect$$libinit$$0000002E  c_w.l(libinit2.o)
    0x08000242   0x08000242   0x00000000   Code   RO          367    .ARM.Collect$$libinit$$00000030  c_w.l(libinit2.o)
    0x08000242   0x08000242   0x00000000   Code   RO          369    .ARM.Collect$$libinit$$00000032  c_w.l(libinit2.o)
    0x08000242   0x08000242   0x00000002   Code   RO          370    .ARM.Collect$$libinit$$00000033  c_w.l(libinit2.o)
    0x08000244   0x08000244   0x00000002   Code   RO          425    .ARM.Collect$$libshutdown$$00000000  c_w.l(libshutdown.o)
    0x08000246   0x08000246   0x00000000   Code   RO          443    .ARM.Collect$$libshutdown$$00000002  c_w.l(libshutdown2.o)
    0x08000246   0x08000246   0x00000000   Code   RO          445    .ARM.Collect$$libshutdown$$00000004  c_w.l(libshutdown2.o)
    0x08000246   0x08000246   0x00000000   Code   RO          448    .ARM.Collect$$libshutdown$$00000007  c_w.l(libshutdown2.o)
    0x08000246   0x08000246   0x00000000   Code   RO          451    .ARM.Collect$$libshutdown$$0000000A  c_w.l(libshutdown2.o)
    0x08000246   0x08000246   0x00000000   Code   RO          453    .ARM.Collect$$libshutdown$$0000000C  c_w.l(libshutdown2.o)
    0x08000246   0x08000246   0x00000000   Code   RO          456    .ARM.Collect$$libshutdown$$0000000F  c_w.l(libshutdown2.o)
    0x08000246   0x08000246   0x00000002   Code   RO          457    .ARM.Collect$$libshutdown$$00000010  c_w.l(libshutdown2.o)
    0x08000248   0x08000248   0x00000000   Code   RO          216    .ARM.Collect$$rtentry$$00000000  c_w.l(__rtentry.o)
    0x08000248   0x08000248   0x00000000   Code   RO          244    .ARM.Collect$$rtentry$$00000002  c_w.l(__rtentry2.o)
    0x08000248   0x08000248   0x00000006   Code   RO          256    .ARM.Collect$$rtentry$$00000004  c_w.l(__rtentry4.o)
    0x0800024e   0x0800024e   0x00000000   Code   RO          246    .ARM.Collect$$rtentry$$00000009  c_w.l(__rtentry2.o)
    0x0800024e   0x0800024e   0x00000004   Code   RO          247    .ARM.Collect$$rtentry$$0000000A  c_w.l(__rtentry2.o)
    0x08000252   0x08000252   0x00000000   Code   RO          249    .ARM.Collect$$rtentry$$0000000C  c_w.l(__rtentry2.o)
    0x08000252   0x08000252   0x00000008   Code   RO          250    .ARM.Collect$$rtentry$$0000000D  c_w.l(__rtentry2.o)
    0x0800025a   0x0800025a   0x00000002   Code   RO          371    .ARM.Collect$$rtexit$$00000000  c_w.l(rtexit.o)
    0x0800025c   0x0800025c   0x00000000   Code   RO          390    .ARM.Collect$$rtexit$$00000002  c_w.l(rtexit2.o)
    0x0800025c   0x0800025c   0x00000004   Code   RO          391    .ARM.Collect$$rtexit$$00000003  c_w.l(rtexit2.o)
    0x08000260   0x08000260   0x00000006   Code   RO          392    .ARM.Collect$$rtexit$$00000004  c_w.l(rtexit2.o)
    0x08000266   0x08000266   0x00000002   PAD
    0x08000268   0x08000268   0x00000040   Code   RO          119  * .text               startup_stm32f446xx.o
    0x080002a8   0x080002a8   0x00000074   Code   RO          142    .text               c_w.l(llsdiv.o)
    0x0800031c   0x0800031c   0x00000028   Code   RO          146    .text               c_w.l(noretval__2sprintf.o)
    0x08000344   0x08000344   0x00000068   Code   RO          148    .text               c_w.l(__printf.o)
    0x080003ac   0x080003ac   0x00000058   Code   RO          153    .text               c_w.l(_printf_hex_int.o)
    0x08000404   0x08000404   0x00000006   Code   RO          194    .text               c_w.l(heapauxi.o)
    0x0800040a   0x0800040a   0x000000f0   Code   RO          221    .text               c_w.l(lludivv7m.o)
    0x080004fa   0x080004fa   0x000000b2   Code   RO          223    .text               c_w.l(_printf_intcommon.o)
    0x080005ac   0x080005ac   0x0000041c   Code   RO          225    .text               c_w.l(_printf_fp_dec.o)
    0x080009c8   0x080009c8   0x00000030   Code   RO          229    .text               c_w.l(_printf_char_common.o)
    0x080009f8   0x080009f8   0x0000000a   Code   RO          231    .text               c_w.l(_sputc.o)
    0x08000a02   0x08000a02   0x00000002   PAD
    0x08000a04   0x08000a04   0x00000008   Code   RO          263    .text               c_w.l(rt_locale_intlibspace.o)
    0x08000a0c   0x08000a0c   0x0000008a   Code   RO          265    .text               c_w.l(lludiv10.o)
    0x08000a96   0x08000a96   0x00000002   PAD
    0x08000a98   0x08000a98   0x00000080   Code   RO          267    .text               c_w.l(_printf_fp_infnan.o)
    0x08000b18   0x08000b18   0x000000e4   Code   RO          271    .text               c_w.l(bigflt0.o)
    0x08000bfc   0x08000bfc   0x00000008   Code   RO          305    .text               c_w.l(libspace.o)
    0x08000c04   0x08000c04   0x0000004a   Code   RO          308    .text               c_w.l(sys_stackheap_outer.o)
    0x08000c4e   0x08000c4e   0x00000012   Code   RO          312    .text               c_w.l(exit.o)
    0x08000c60   0x08000c60   0x0000007c   Code   RO          318    .text               c_w.l(strcmpv7em.o)
    0x08000cdc   0x08000cdc   0x0000000c   Code   RO          385    .text               c_w.l(sys_exit.o)
    0x08000ce8   0x08000ce8   0x00000002   Code   RO          412    .text               c_w.l(use_no_semi.o)
    0x08000cea   0x08000cea   0x00000000   Code   RO          414    .text               c_w.l(indicate_semi.o)
    0x08000cea   0x08000cea   0x00000002   PAD
    0x08000cec   0x08000cec   0x00000192   Code   RO           75    .text.BME280_compensate_P_int32  spi.o
    0x08000e7e   0x08000e7e   0x00000002   PAD
    0x08000e80   0x08000e80   0x0000004e   Code   RO           73    .text.BME280_compensate_T_int32  spi.o
    0x08000ece   0x08000ece   0x00000002   PAD
    0x08000ed0   0x08000ed0   0x00000010   Code   RO           53    .text.CS_Disable    spi.o
    0x08000ee0   0x08000ee0   0x00000010   Code   RO           51    .text.CS_Enable     spi.o
    0x08000ef0   0x08000ef0   0x0000001a   Code   RO           89    .text.Delay_ms      timer.o
    0x08000f0a   0x08000f0a   0x00000002   PAD
    0x08000f0c   0x08000f0c   0x0000001a   Code   RO           91    .text.Delay_s       timer.o
    0x08000f26   0x08000f26   0x00000002   PAD
    0x08000f28   0x08000f28   0x00000014   Code   RO           87    .text.Delay_us      timer.o
    0x08000f3c   0x08000f3c   0x00000038   Code   RO           10    .text.GPIOConfig    gpio.o
    0x08000f74   0x08000f74   0x00000056   Code   RO           45    .text.SPIConfig     spi.o
    0x08000fca   0x08000fca   0x00000002   PAD
    0x08000fcc   0x08000fcc   0x00000012   Code   RO           47    .text.SPI_Enable    spi.o
    0x08000fde   0x08000fde   0x00000002   PAD
    0x08000fe0   0x08000fe0   0x00000032   Code   RO           57    .text.SPI_Receive   spi.o
    0x08001012   0x08001012   0x00000002   PAD
    0x08001014   0x08001014   0x00000038   Code   RO           55    .text.SPI_Transmit  spi.o
    0x0800104c   0x0800104c   0x00000012   Code   RO          126    .text.SystemInit    system_stm32f4xx.o
    0x0800105e   0x0800105e   0x00000002   PAD
    0x08001060   0x08001060   0x0000000e   Code   RO          103    .text.__NVIC_EnableIRQ  usart.o
    0x0800106e   0x0800106e   0x00000002   PAD
    0x08001070   0x08001070   0x00000088   Code   RO            2    .text.clockConfig   clock.o
    0x080010f8   0x080010f8   0x00000014   Code   RO           63    .text.configureBME  spi.o
    0x0800110c   0x0800110c   0x00000004   PAD
    0x08001110   0x08001110   0x0000010c   Code   RO           18    .text.main          main.o
    0x0800121c   0x0800121c   0x0000002e   Code   RO           61    .text.read          spi.o
    0x0800124a   0x0800124a   0x00000002   PAD
    0x0800124c   0x0800124c   0x00000038   Code   RO           65    .text.readChipId    spi.o
    0x08001284   0x08001284   0x0000002e   Code   RO           71    .text.readRawPress  spi.o
    0x080012b2   0x080012b2   0x00000002   PAD
    0x080012b4   0x080012b4   0x0000002e   Code   RO           69    .text.readRawTemp   spi.o
    0x080012e2   0x080012e2   0x00000002   PAD
    0x080012e4   0x080012e4   0x000000a4   Code   RO           67    .text.readTrim      spi.o
    0x08001388   0x08001388   0x00000014   Code   RO          105    .text.sendChar      usart.o
    0x0800139c   0x0800139c   0x00000028   Code   RO          107    .text.sendString    usart.o
    0x080013c4   0x080013c4   0x00000034   Code   RO           85    .text.timerConfig   timer.o
    0x080013f8   0x080013f8   0x0000008a   Code   RO          101    .text.usartConfig   usart.o
    0x08001482   0x08001482   0x00000002   PAD
    0x08001484   0x08001484   0x00000026   Code   RO           59    .text.write         spi.o
    0x080014aa   0x080014aa   0x0000003e   Code   RO          274    CL$$btod_d2e        c_w.l(btod.o)
    0x080014e8   0x080014e8   0x00000046   Code   RO          276    CL$$btod_d2e_denorm_low  c_w.l(btod.o)
    0x0800152e   0x0800152e   0x00000060   Code   RO          275    CL$$btod_d2e_norm_op1  c_w.l(btod.o)
    0x0800158e   0x0800158e   0x00000002   PAD
    0x08001590   0x08001590   0x00000338   Code   RO          284    CL$$btod_div_common  c_w.l(btod.o)
    0x080018c8   0x080018c8   0x000000dc   Code   RO          281    CL$$btod_e2e        c_w.l(btod.o)
    0x080019a4   0x080019a4   0x0000002a   Code   RO          278    CL$$btod_ediv       c_w.l(btod.o)
    0x080019ce   0x080019ce   0x0000002a   Code   RO          277    CL$$btod_emul       c_w.l(btod.o)
    0x080019f8   0x080019f8   0x00000244   Code   RO          283    CL$$btod_mult_common  c_w.l(btod.o)
    0x08001c3c   0x08001c3c   0x00000030   Code   RO          303    i.__ARM_fpclassify  m_wm.l(fpclassify.o)
    0x08001c6c   0x08001c6c   0x0000002c   Code   RO          299    locale$$code        c_w.l(lc_numeric_c.o)
    0x08001c98   0x08001c98   0x00000062   Code   RO          198    x$fpl$d2f           fz_wm.l(d2f.o)
    0x08001cfa   0x08001cfa   0x00000002   PAD
    0x08001cfc   0x08001cfc   0x000002b4   Code   RO          201    x$fpl$ddiv          fz_wm.l(ddiv.o)
    0x08001fb0   0x08001fb0   0x0000002e   Code   RO          205    x$fpl$dflt          fz_wm.l(dflt_clz.o)
    0x08001fde   0x08001fde   0x00000026   Code   RO          204    x$fpl$dfltu         fz_wm.l(dflt_clz.o)
    0x08002004   0x08002004   0x00000154   Code   RO          210    x$fpl$dmul          fz_wm.l(dmul.o)
    0x08002158   0x08002158   0x0000009c   Code   RO          234    x$fpl$dnaninf       fz_wm.l(dnaninf.o)
    0x080021f4   0x080021f4   0x0000000c   Code   RO          236    x$fpl$dretinf       fz_wm.l(dretinf.o)
    0x08002200   0x08002200   0x00000056   Code   RO          212    x$fpl$f2d           fz_wm.l(f2d.o)
    0x08002256   0x08002256   0x0000008c   Code   RO          238    x$fpl$fnaninf       fz_wm.l(fnaninf.o)
    0x080022e2   0x080022e2   0x0000001a   Code   RO          383    x$fpl$fpinit        fz_wm.l(fpinit.o)
    0x080022fc   0x080022fc   0x0000000a   Code   RO          240    x$fpl$fretinf       fz_wm.l(fretinf.o)
    0x08002306   0x08002306   0x00000004   Code   RO          214    x$fpl$printf1       fz_wm.l(printf1.o)
    0x0800230a   0x0800230a   0x00000000   Code   RO          242    x$fpl$usenofp       fz_wm.l(usenofp.o)
    0x0800230a   0x0800230a   0x00000028   Data   RO          154    .constdata          c_w.l(_printf_hex_int.o)
    0x08002332   0x08002332   0x00000002   PAD
    0x08002334   0x08002334   0x00000094   Data   RO          272    .constdata          c_w.l(bigflt0.o)
    0x080023c8   0x080023c8   0x00000010   Data   RO          459    Region$$Table       anon$$obj.o
    0x080023d8   0x080023d8   0x0000001c   Data   RO          298    locale$$data        c_w.l(lc_numeric_c.o)


    Execution Region ER_RW (Exec base: 0x20000000, Load base: 0x080023f4, Size: 0x00000000, Max: 0xffffffff, ABSOLUTE)

    **** No section assigned to this execution region ****


    Execution Region ER_ZI (Exec base: 0x20000000, Load base: 0x080023f4, Size: 0x000006b0, Max: 0xffffffff, ABSOLUTE)

    Exec Addr    Load Addr    Size         Type   Attr      Idx    E Section Name        Object

    0x20000000        -       0x00000060   Zero   RW          306    .bss                c_w.l(libspace.o)
    0x20000060        -       0x0000001e   Zero   RW           24    .bss.RxData         main.o
    0x2000007e        -       0x00000002   Zero   RW           26    .bss.dig_P1         main.o
    0x20000080        -       0x00000002   Zero   RW           29    .bss.dig_P2         main.o
    0x20000082        -       0x00000002   Zero   RW           30    .bss.dig_P3         main.o
    0x20000084        -       0x00000002   Zero   RW           31    .bss.dig_P4         main.o
    0x20000086        -       0x00000002   Zero   RW           32    .bss.dig_P5         main.o
    0x20000088        -       0x00000002   Zero   RW           33    .bss.dig_P6         main.o
    0x2000008a        -       0x00000002   Zero   RW           34    .bss.dig_P7         main.o
    0x2000008c        -       0x00000002   Zero   RW           35    .bss.dig_P8         main.o
    0x2000008e        -       0x00000002   Zero   RW           36    .bss.dig_P9         main.o
    0x20000090        -       0x00000002   Zero   RW           25    .bss.dig_T1         main.o
    0x20000092        -       0x00000002   Zero   RW           27    .bss.dig_T2         main.o
    0x20000094        -       0x00000002   Zero   RW           28    .bss.dig_T3         main.o
    0x20000096   0x080023f4   0x00000002   PAD
    0x20000098        -       0x00000004   Zero   RW           23    .bss.pressure       main.o
    0x2000009c        -       0x00000004   Zero   RW           22    .bss.rawPress       main.o
    0x200000a0        -       0x00000004   Zero   RW           20    .bss.rawTemp        main.o
    0x200000a4        -       0x00000004   Zero   RW           37    .bss.t_fine         main.o
    0x200000a8        -       0x00000004   Zero   RW           21    .bss.temparature    main.o
    0x200000ac   0x080023f4   0x00000004   PAD
    0x200000b0        -       0x00000200   Zero   RW          117    HEAP                startup_stm32f446xx.o
    0x200002b0        -       0x00000400   Zero   RW          116    STACK               startup_stm32f446xx.o


==============================================================================

Image component sizes


      Code (inc. data)   RO Data    RW Data    ZI Data      Debug   Object Name

       136          0          0          0          0       1704   clock.o
        56          0          0          0          0       1653   gpio.o
       268         52          0          0         74       1262   main.o
      1138         12          0          0          0       5211   spi.o
        64         26        452          0       1536        864   startup_stm32f446xx.o
        18          0          0          0          0       2834   system_stm32f4xx.o
       124          0          0          0          0       2596   timer.o
       212          0          0          0          0       4922   usart.o

    ----------------------------------------------------------------------
      2046         90        468          0       1616      21046   Object Totals
         0          0         16          0          0          0   (incl. Generated)
        30          0          0          0          6          0   (incl. Padding)

    ----------------------------------------------------------------------

      Code (inc. data)   RO Data    RW Data    ZI Data      Debug   Library Member Name

         8          0          0          0          0         68   __main.o
       104          0          0          0          0         84   __printf.o
         0          0          0          0          0          0   __rtentry.o
        12          0          0          0          0          0   __rtentry2.o
         6          0          0          0          0          0   __rtentry4.o
        52          8          0          0          0          0   __scatter.o
        28          0          0          0          0          0   __scatter_zi.o
        48          6          0          0          0         96   _printf_char_common.o
         6          0          0          0          0          0   _printf_f.o
      1052          0          0          0          0        148   _printf_fp_dec.o
       128         16          0          0          0         84   _printf_fp_infnan.o
        88          4         40          0          0         88   _printf_hex_int.o
       178          0          0          0          0         88   _printf_intcommon.o
         0          0          0          0          0          0   _printf_percent.o
         4          0          0          0          0          0   _printf_percent_end.o
         6          0          0          0          0          0   _printf_x.o
        10          0          0          0          0         68   _sputc.o
       228          4        148          0          0         96   bigflt0.o
      1936        128          0          0          0        668   btod.o
        18          0          0          0          0         80   exit.o
         6          0          0          0          0        152   heapauxi.o
         0          0          0          0          0          0   indicate_semi.o
        44         10         28          0          0         76   lc_numeric_c.o
         2          0          0          0          0          0   libinit.o
        22          0          0          0          0          0   libinit2.o
         2          0          0          0          0          0   libshutdown.o
         2          0          0          0          0          0   libshutdown2.o
         8          4          0          0         96         68   libspace.o
       116          0          0          0          0         84   llsdiv.o
       138          0          0          0          0         80   lludiv10.o
       240          0          0          0          0        100   lludivv7m.o
        40          6          0          0          0         84   noretval__2sprintf.o
         8          4          0          0          0         68   rt_locale_intlibspace.o
         2          0          0          0          0          0   rtexit.o
        10          0          0          0          0          0   rtexit2.o
       124          0          0          0          0         88   strcmpv7em.o
        12          4          0          0          0         68   sys_exit.o
        74          0          0          0          0         80   sys_stackheap_outer.o
         2          0          0          0          0         68   use_no_semi.o
        98          4          0          0          0        140   d2f.o
       692        140          0          0          0        264   ddiv.o
        84          0          0          0          0        232   dflt_clz.o
       340         12          0          0          0        152   dmul.o
       156          4          0          0          0        140   dnaninf.o
        12          0          0          0          0        116   dretinf.o
        86          4          0          0          0        132   f2d.o
       140          4          0          0          0        132   fnaninf.o
        26          0          0          0          0        116   fpinit.o
        10          0          0          0          0        116   fretinf.o
         4          0          0          0          0        116   printf1.o
         0          0          0          0          0          0   usenofp.o
        48          0          0          0          0        124   fpclassify.o

    ----------------------------------------------------------------------
      6472        362        218          0         96       4364   Library Totals
        12          0          2          0          0          0   (incl. Padding)

    ----------------------------------------------------------------------

      Code (inc. data)   RO Data    RW Data    ZI Data      Debug   Library Name

      4764        194        216          0         96       2584   c_w.l
      1648        168          0          0          0       1656   fz_wm.l
        48          0          0          0          0        124   m_wm.l

    ----------------------------------------------------------------------
      6472        362        218          0         96       4364   Library Totals

    ----------------------------------------------------------------------

==============================================================================


      Code (inc. data)   RO Data    RW Data    ZI Data      Debug   

      8518        452        686          0       1712      22770   Grand Totals
      8518        452        686          0       1712      22770   ELF Image Totals
      8518        452        686          0          0          0   ROM Totals

==============================================================================

    Total RO  Size (Code + RO Data)                 9204 (   8.99kB)
    Total RW  Size (RW Data + ZI Data)              1712 (   1.67kB)
    Total ROM Size (Code + RO Data + RW Data)       9204 (   8.99kB)

==============================================================================

